Γû▓ Next.js 16.2.10 (Turbopack)

  Creating an optimized production build ...
node.exe : 
At line:1 char:1
+ & "C:\Program 
Files\nodejs/node.exe" 
"C:\Program Files\nodejs/node_mo 
...
+ ~~~~~~~~~~~~~~~~~~~~~~~~~~~~~~~~
~~~~~~~~~~~~~~~~~~~~~~~~~~~~~~~~~~
~~~
    + CategoryInfo          : Not 
   Specified: (:String) [], Remo  
  teException
    + FullyQualifiedErrorId : Nat 
   iveCommandError
 
> Build error occurred
Error: Turbopack build failed 
with 5 errors:
./src/app/analysis-studio/page.tsx
:50:96
Expected '</', got 'ident'
  [90m48 |[0m ...
  [90m49 |[0m ...[32mry 
bg-primary/10 rounded-lg 
transition-all duration-200 
cursor-pointer"[0m 
href=[32m"#"[0m>
[31m[1m>[0m [90m50 |[0m 
...[32m22px]"[0m style={{ 
fontVariationSettings: 
[32m''[0m[33mFILL[0m[32m' 
1'[0m }}>analytics</span>
  [90m   |[0m                   
                          
[31m[1m^^^^[0m
  [90m51 |[0m ...
  [90m52 |[0m ...
  [90m53 |[0m 
...[32mrface-variant 
hover:bg-surface-container-low 
rounded-lg transition-all 
duration-200 cur...[0m

Parsing ecmascript source code 
failed


./src/app/analytics/page.tsx:59:96
Expected '</', got 'ident'
  [90m57 |[0m ...
  [90m58 |[0m 
...[32mext-primary font-semibold 
bg-[#eef6f4] transition-all 
duration-200"[0m 
href=[32m"#"[0m>
[31m[1m>[0m [90m59 |[0m 
...[32m22px]"[0m style={{ 
fontVariationSettings: 
[32m''[0m[33mFILL[0m[32m' 
1'[0m }}>monitoring</span>
  [90m   |[0m                   
                          
[31m[1m^^^^[0m
  [90m60 |[0m ...>
  [90m61 |[0m ...
  [90m62 |[0m 
...[32mext-on-surface-variant 
hover:bg-gray-50 transition-all 
duration-200"[0m 
href=[32m"#"[0m>

Parsing ecmascript source code 
failed


./src/app/datasets/page.tsx:46:84
Expected '</', got 'ident'
  [90m44 |[0m ...
  [90m45 |[0m ...[32m3 
text-primary bg-primary/5 
rounded-xl font-semibold 
cursor-pointer"[0m>
[31m[1m>[0m [90m46 |[0m 
...[32m mr-3"[0m style={{ 
fontVariationSettings: 
[32m''[0m[33mFILL[0m[32m' 
1'[0m }}>database</span>
  [90m   |[0m                   
                          
[31m[1m^^^^[0m
  [90m47 |[0m ...pan>
  [90m48 |[0m ...
  [90m49 |[0m ...[32m3 
text-on-surface-variant 
hover:bg-surface-container-low 
rounded-xl transition-colors 
c...[0m

Parsing ecmascript source code 
failed


./src/app/map/page.tsx:46:91
Expected '</', got 'ident'
  [90m44 |[0m ...
  [90m45 |[0m ...[32m 
rounded-xl bg-primary/10 
text-primary font-bold border-l-4 
border-primary transition-a...[0m
[31m[1m>[0m [90m46 |[0m 
...[32m22px]"[0m style={{ 
fontVariationSettings: 
[32m''[0m[33mFILL[0m[32m' 
1'[0m }}>map</span>
  [90m   |[0m                   
                          
[31m[1m^^^^[0m
  [90m47 |[0m ...
  [90m48 |[0m ...
  [90m49 |[0m ...[32m 
rounded-xl 
hover:bg-surface-container-low 
transition-all 
text-on-surface-variant 
group.[0m..

Parsing ecmascript source code 
failed


./src/app/page.tsx:41:91
Expected '</', got 'ident'
  [90m39 |[0m ...
  [90m40 |[0m ...[32m] 
text-primary rounded-lg px-4 
py-2.5 transition-all"[0m 
href=[32m"#"[0m>
[31m[1m>[0m [90m41 |[0m 
...[32m22px]"[0m style={{ 
fontVariationSettings: 
[32m''[0m[33mFILL[0m[32m' 
1'[0m }}>dashboard</span>
  [90m   |[0m                   
                          
[31m[1m^^^^[0m
  [90m42 |[0m ...span>
  [90m43 |[0m ...
  [90m44 |[0m 
...[32mface-variant 
hover:bg-surface-container-low 
px-4 py-2.5 rounded-lg 
transition-colors"[0m h...

Parsing ecmascript source code 
failed


    at <unknown> (./src/app/analys
is-studio/page.tsx:50:96)
    at <unknown> (./src/app/analyt
ics/page.tsx:59:96)
    at <unknown> (./src/app/datase
ts/page.tsx:46:84)
    at <unknown> 
(./src/app/map/page.tsx:46:91)
    at <unknown> 
(./src/app/page.tsx:41:91)
