
> agridata@0.1.0 build
> next build

▲ Next.js 16.2.10 (Turbopack)

  Creating an optimized production build ...

> Build error occurred
Error: Turbopack build failed with 7 errors:
./src/app/analysis-studio/page.tsx:429:1
Expected '</', got '<eof>'
  [90m427 |[0m   );
  [90m428 |[0m }
[31m[1m>[0m [90m429 |[0m
  [90m    |[0m [31m[1m^[0m

Parsing ecmascript source code failed


./src/app/data-sources/page.tsx:256:1
Expected '</', got '<eof>'
  [90m254 |[0m [32m  );[0m
  [90m255 |[0m [32m}[0m
[31m[1m>[0m [90m256 |[0m
  [90m    |[0m [31m[1m^[0m

Parsing ecmascript source code failed


./src/app/gis-map/page.tsx:234:1
Expected '</', got '<eof>'
  [90m232 |[0m   );
  [90m233 |[0m }
[31m[1m>[0m [90m234 |[0m
  [90m    |[0m [31m[1m^[0m

Parsing ecmascript source code failed


./src/app/reports/page.tsx:36:237
Expected '</', got 'no substitution template literal'
  [90m34 |[0m ...
  [90m35 |[0m ... className=[32m"text-primary text-[13px] font-bold flex items-center"[0m><span className=[32m"mate...[0m
[31m[1m>[0m [90m36 |[0m ...me=[32m"w-full bg-surface-container h-1.5 rounded-full mt-3 overflow-hidden"[0m><div className.[32m..[0m
  [90m   |[0m                                                                                                                                              [31m[1m[0m
[31m[1m>[0m [90m37 |[0m ...[32mame="text-[12px] text-outline mt-1 font-medium italic">Processing geospatial layers</p> },[0m
  [90m   |[0m    [31m[1m^^^^^^^^^^^^^^^^^^^^^^^^^^^^^^^^^^^^^^^^^^^^^^^^^^^^^^^^^^^^^^^^^^^^^^^^^^^^^^^^^^^^^^^^^^[0m
[31m[1m>[0m [90m38 |[0m ...[32m="text-[12px] text-outline mt-1 font-medium italic">Active daily/weekly pulses</p> }[0m
  [90m   |[0m    [31m[1m^^^^^^^^^^^^^^^^^^^^^^^^^^^^^^^^^^^^^^^^^^^^^^^^^^^^^^^^^^^^^^^^^^^^^^^^^^^^^^^^^^^^^^^^^^[0m
[31m[1m>[0m [90m39 |[0m ...
  [90m   |[0m    [31m[1m^^[0m
[31m[1m>[0m [90m40 |[0m ...
  [90m   |[0m [31m[1m^[0m
[31m[1m>[0m [90m41 |[0m ...
  [90m   |[0m    [31m[1m^^^^^^^^^^^^^^^^^^^^^^^^^^^^^^^^[0m
[31m[1m>[0m [90m42 |[0m ...[32m MB', icon: 'map', date: 'Oct 24, 2023 14:15', type: 'Yield Matrix', typeClass: 'bg-sec...[0m
  [90m   |[0m    [31m[1m^^^^^^^^^^^^^^^^^^^^^^^^^^^^^^^^^^^^^^^^^^^^^^^^^^^^^^^^^^^^^^^^^^^^^^^^^^^^^^^^^^^^^^^^^^[0m
[31m[1m>[0m [90m43 |[0m ...[32m: 'water_drop', date: 'Oct 22, 2023 09:30', type: 'Hydrology', typeClass: 'bg-surface-c...[0m
  [90m   |[0m    [31m[1m^^^^^^^^^^^^^^^^^^^^^^^^^^^^^^^^^^^^^^^^^^^^^^^^^^^^^^^^^^^^^^^^^^^^^^^^^^^^^^^^^^^^^^^^^^[0m
[31m[1m>[0m [90m44 |[0m ...[32m, icon: 'forest', date: 'Oct 20, 2023 16:45', type: 'Ecology', typeClass: 'bg-secondary...[0m
  [90m   |[0m    [31m[1m^^^^^^^^^^^^^^^^^^^^^^^^^^^^^^^^^^^^^^^^^^^^^^^^^^^^^^^^^^^^^^^^^^^^^^^^^^^^^^^^^^^^^^^^^^[0m
[31m[1m>[0m [90m45 |[0m ...[32m 34.5 MB', icon: 'satellite_alt', date: 'Oct 19, 2023 11:20', type: 'Satellite', typeCl...[0m
  [90m   |[0m    [31m[1m^^^^^^^^^^^^^^^^^^^^^^^^^^^^^^^^^^^^^^^^^^^^^^^^^^^^^^^^^^^^^^^^^^^^^^^^^^^^^^^^^^^^^^^^^^[0m
[31m[1m>[0m [90m46 |[0m ...
  [90m   |[0m    [31m[1m^^[0m
[31m[1m>[0m [90m47 |[0m ...
  [90m   |[0m [31m[1m^[0m
[31m[1m>[0m [90m48 |[0m ...
  [90m   |[0m    [31m[1m^^^^^^^^^^^^^^^^^^^^^^^^^^^^^^[0m
[31m[1m>[0m [90m49 |[0m ...[32mive: true },[0m
  [90m   |[0m    [31m[1m^^^^^^^^^^^^^^^^^^^^^^^^^^^^^^^^^^^^^^^^^^^^^^^^^^^^^^^^^^^^^^^^^^^^^^^^^^^^^^^^^^^^^^^^^^[0m
[31m[1m>[0m [90m50 |[0m ...[32mtrue }[0m
  [90m   |[0m    [31m[1m^^^^^^^^^^^^^^^^^^^^^^^^^^^^^^^^^^^^^^^^^^^^^^^^^^^^^^^^^^^^^^^^^^^^^^^^^^^^^^^^^^^^^^^^^^[0m
[31m[1m>[0m [90m51 |[0m ...
  [90m   |[0m    [31m[1m^^[0m
[31m[1m>[0m [90m52 |[0m ...
  [90m   |[0m [31m[1m^[0m
[31m[1m>[0m [90m53 |[0m ...
  [90m   |[0m    [31m[1m^^^^^^^^^^^^^^^^^^^^^^^^^^^^^^^^[0m
[31m[1m>[0m [90m54 |[0m ...
  [90m   |[0m    [31m[1m^^^^^^^^^^^^^^^^^^^^^^^^^^^^^^^^^^^^^^^^^^^^^^^^^^^^^^^^^[0m
[31m[1m>[0m [90m55 |[0m ...
  [90m   |[0m    [31m[1m^^^^^^^^^^^^^^^^^^^^^^^^^^^^^^^^^^^^^^^^^^^^^^^^^^^^^^^^^^^^^^^^^[0m
[31m[1m>[0m [90m56 |[0m ...
  [90m   |[0m    [31m[1m^^^^^^^^^^^^^^^^^^^^^^^^^^^^^^^^^^^^^^^^^^^^^^^^^^^^^^^^^^^^^[0m
[31m[1m>[0m [90m57 |[0m ...
  [90m   |[0m [31m[1m^[0m
[31m[1m>[0m [90m58 |[0m ...
  [90m   |[0m    [31m[1m^^^^^^^^^^[0m
[31m[1m>[0m [90m59 |[0m ...[32ml">[0m
  [90m   |[0m    [31m[1m^^^^^^^^^^^^^^^^^^^^^^^^^^^^^^^^^^^^^^^^^^^^^^^^^^^^^^^^^^^^^^^^^^^^^^^^^^^^^^^^^^^^^^^^^^[0m
[31m[1m>[0m [90m60 |[0m ...
  [90m   |[0m    [31m[1m^^^^^^^^^^^^^^^^^^^^^^^^^^^^^^^^^^^^^^^^^^^^^^^[0m
  [90m61 |[0m ...
  [90m62 |[0m ...
  [90m63 |[0m ...

Parsing ecmascript source code failed


./src/app/analytics/page.tsx:197:39
Unterminated template
  [90m195 |[0m                   <div className=[32m"flex justify-between items-center mb-3"[0m>
  [90m196 |[0m                     <span className=[32m"text-xs font-extrabold uppercase tracking-widest tex...[0m
[31m[1m>[0m [90m197 |[0m                     <span className={\[32m`text-xs font-bold font-data-mono px-2 py-0.5 round...[0m
  [90m    |[0m                                       [31m[1m^^^^^^^^^^^^^^^^^^^^^^^^^^^^^^^^^^^^^^^^^^^^^^^^^^^^^^[0m
[31m[1m>[0m [90m198 |[0m [32m                  </div>[0m
  [90m    |[0m [31m[1m^^^^^^^^^^^^^^^^^^^^^^^^[0m
[31m[1m>[0m [90m199 |[0m [32m                  <div className="w-full bg-[#f8f9fa] h-3 rounded-full overflow-hidden">[0m
  [90m    |[0m [31m[1m^^^^^^^^^^^^^^^^^^^^^^^^^^^^^^^^^^^^^^^^^^^^^^^^^^^^^^^^^^^^^^^^^^^^^^^^^^^^^^^^^^^^^^^^[0m
[31m[1m>[0m [90m200 |[0m [32m                    <div className={\`\${metric.barColor} h-full rounded-full\`} style={{...[0m
  [90m    |[0m [31m[1m^^^^^^^^^^^^^^^^^^^^^^^^^^^^^^^^^^^^^^^^^^^^^^^^^^^^^^^^^^^^^^^^^^^^^^^^^^^^^^^^^^^^^^^^^^^^[0m
[31m[1m>[0m [90m201 |[0m [32m                  </div>[0m
  [90m    |[0m [31m[1m^^^^^^^^^^^^^^^^^^^^^^^^[0m
[31m[1m>[0m [90m202 |[0m [32m                </div>[0m
  [90m    |[0m [31m[1m^^^^^^^^^^^^^^^^^^^^^^[0m
[31m[1m>[0m [90m203 |[0m [32m              ))}[0m
  [90m    |[0m [31m[1m^^^^^^^^^^^^^^^^^[0m
[31m[1m>[0m [90m204 |[0m [32m            </div>[0m
  [90m    |[0m [31m[1m^^^^^^^^^^^^^^^^^^[0m
[31m[1m>[0m [90m205 |[0m [32m            <div className="mt-10 p-5 bg-[#f8f9fa] rounded-2xl border border-gray-100">[0m
  [90m    |[0m [31m[1m^^^^^^^^^^^^^^^^^^^^^^^^^^^^^^^^^^^^^^^^^^^^^^^^^^^^^^^^^^^^^^^^^^^^^^^^^^^^^^^^^^^^^^^[0m
[31m[1m>[0m [90m206 |[0m [32m              <p className="text-sm text-on-surface-variant leading-relaxed">[0m
  [90m    |[0m [31m[1m^^^^^^^^^^^^^^^^^^^^^^^^^^^^^^^^^^^^^^^^^^^^^^^^^^^^^^^^^^^^^^^^^^^^^^^^^^^^^[0m
[31m[1m>[0m [90m207 |[0m [32m                Environmental sustainability score is <span className="font-extrabold tex...[0m
  [90m    |[0m [31m[1m^^^^^^^^^^^^^^^^^^^^^^^^^^^^^^^^^^^^^^^^^^^^^^^^^^^^^^^^^^^^^^^^^^^^^^^^^^^^^^^^^^^^^^^^^^^^[0m
[31m[1m>[0m [90m208 |[0m [32m              </p>[0m
  [90m    |[0m [31m[1m^^^^^^^^^^^^^^^^^^[0m
[31m[1m>[0m [90m209 |[0m [32m            </div>[0m
  [90m    |[0m [31m[1m^^^^^^^^^^^^^^^^^^[0m
[31m[1m>[0m [90m210 |[0m [32m          </div>[0m
  [90m    |[0m [31m[1m^^^^^^^^^^^^^^^^[0m
[31m[1m>[0m [90m211 |[0m
  [90m    |[0m [31m[1m^[0m
[31m[1m>[0m [90m212 |[0m [32m          {/*  Investment ROI Analysis  */}[0m
  [90m    |[0m [31m[1m^^^^^^^^^^^^^^^^^^^^^^^^^^^^^^^^^^^^^^^^^^^[0m
[31m[1m>[0m [90m213 |[0m [32m          <div className="col-span-12 lg:col-span-6 bg-white rounded-2xl p-8 border borde...[0m
  [90m    |[0m [31m[1m^^^^^^^^^^^^^^^^^^^^^^^^^^^^^^^^^^^^^^^^^^^^^^^^^^^^^^^^^^^^^^^^^^^^^^^^^^^^^^^^^^^^^^^^^^^^[0m
[31m[1m>[0m [90m214 |[0m [32m            <h3 className="font-headline-md text-xl font-bold text-on-surface mb-8">Inves...[0m
  [90m    |[0m [31m[1m^^^^^^^^^^^^^^^^^^^^^^^^^^^^^^^^^^^^^^^^^^^^^^^^^^^^^^^^^^^^^^^^^^^^^^^^^^^^^^^^^^^^^^^^^^^^[0m
[31m[1m>[0m [90m215 |[0m [32m            <div className="grid grid-cols-2 gap-6">[0m
  [90m    |[0m [31m[1m^^^^^^^^^^^^^^^^^^^^^^^^^^^^^^^^^^^^^^^^^^^^^^^^^^^^[0m
[31m[1m>[0m [90m216 |[0m [32m              {rois.map((roi) => ([0m
  [90m    |[0m [31m[1m^^^^^^^^^^^^^^^^^^^^^^^^^^^^^^^^^^[0m
[31m[1m>[0m [90m217 |[0m [32m                <div key={roi.id} className="p-6 rounded-2xl bg-[#f8f9fa] border border-g...[0m
  [90m    |[0m [31m[1m^^^^^^^^^^^^^^^^^^^^^^^^^^^^^^^^^^^^^^^^^^^^^^^^^^^^^^^^^^^^^^^^^^^^^^^^^^^^^^^^^^^^^^^^^^^^[0m
[31m[1m>[0m [90m218 |[0m [32m                  <p className="text-xs font-extrabold text-on-surface-variant/60 upperca...[0m
  [90m    |[0m [31m[1m^^^^^^^^^^^^^^^^^^^^^^^^^^^^^^^^^^^^^^^^^^^^^^^^^^^^^^^^^^^^^^^^^^^^^^^^^^^^^^^^^^^^^^^^^^^^[0m
[31m[1m>[0m [90m219 |[0m [32m                  <p className="text-3xl font-headline-md font-extrabold text-on-surface"...[0m
  [90m    |[0m [31m[1m^^^^^^^^^^^^^^^^^^^^^^^^^^^^^^^^^^^^^^^^^^^^^^^^^^^^^^^^^^^^^^^^^^^^^^^^^^^^^^^^^^^^^^^^^^^^[0m
[31m[1m>[0m [90m220 |[0m [32m                  <div className="mt-4 flex items-center text-xs font-bold text-primary">[0m
  [90m    |[0m [31m[1m^^^^^^^^^^^^^^^^^^^^^^^^^^^^^^^^^^^^^^^^^^^^^^^^^^^^^^^^^^^^^^^^^^^^^^^^^^^^^^^^^^^^^^^^^[0m
[31m[1m>[0m [90m221 |[0m [32m                    <span className="material-symbols-outlined text-lg mr-1">{roi.icon}</...[0m
  [90m    |[0m [31m[1m^^^^^^^^^^^^^^^^^^^^^^^^^^^^^^^^^^^^^^^^^^^^^^^^^^^^^^^^^^^^^^^^^^^^^^^^^^^^^^^^^^^^^^^^^^^^[0m
[31m[1m>[0m [90m222 |[0m [32m                    <span className="">{roi.trend}</span>[0m
  [90m    |[0m [31m[1m^^^^^^^^^^^^^^^^^^^^^^^^^^^^^^^^^^^^^^^^^^^^^^^^^^^^^^^^^[0m
[31m[1m>[0m [90m223 |[0m [32m                  </div>[0m
  [90m    |[0m [31m[1m^^^^^^^^^^^^^^^^^^^^^^^^[0m
[31m[1m>[0m [90m224 |[0m [32m                </div>[0m
  [90m    |[0m [31m[1m^^^^^^^^^^^^^^^^^^^^^^[0m
[31m[1m>[0m [90m225 |[0m [32m              ))}[0m
  [90m    |[0m [31m[1m^^^^^^^^^^^^^^^^^[0m
[31m[1m>[0m [90m226 |[0m [32m            </div>[0m
  [90m    |[0m [31m[1m^^^^^^^^^^^^^^^^^^[0m
[31m[1m>[0m [90m227 |[0m [32m            <div className="mt-10 flex items-end gap-3 h-48">[0m
  [90m    |[0m [31m[1m^^^^^^^^^^^^^^^^^^^^^^^^^^^^^^^^^^^^^^^^^^^^^^^^^^^^^^^^^^^^^[0m
[31m[1m>[0m [90m228 |[0m [32m              <div className="flex-1 bg-[#eef6f4] hover:bg-primary/20 transition-all roun...[0m
  [90m    |[0m [31m[1m^^^^^^^^^^^^^^^^^^^^^^^^^^^^^^^^^^^^^^^^^^^^^^^^^^^^^^^^^^^^^^^^^^^^^^^^^^^^^^^^^^^^^^^^^^^^[0m
[31m[1m>[0m [90m229 |[0m [32m                <span className="text-[10px] font-extrabold text-primary">FY21</span>[0m
  [90m    |[0m [31m[1m^^^^^^^^^^^^^^^^^^^^^^^^^^^^^^^^^^^^^^^^^^^^^^^^^^^^^^^^^^^^^^^^^^^^^^^^^^^^^^^^^^^^^[0m
[31m[1m>[0m [90m230 |[0m [32m              </div>[0m
  [90m    |[0m [31m[1m^^^^^^^^^^^^^^^^^^^^[0m
[31m[1m>[0m [90m231 |[0m [32m              <div className="flex-1 bg-[#eef6f4] hover:bg-primary/20 transition-all roun...[0m
  [90m    |[0m [31m[1m^^^^^^^^^^^^^^^^^^^^^^^^^^^^^^^^^^^^^^^^^^^^^^^^^^^^^^^^^^^^^^^^^^^^^^^^^^^^^^^^^^^^^^^^^^^^[0m
[31m[1m>[0m [90m232 |[0m [32m                <span className="text-[10px] font-extrabold text-primary">FY22</span>[0m
  [90m    |[0m [31m[1m^^^^^^^^^^^^^^^^^^^^^^^^^^^^^^^^^^^^^^^^^^^^^^^^^^^^^^^^^^^^^^^^^^^^^^^^^^^^^^^^^^^^^[0m
[31m[1m>[0m [90m233 |[0m [32m              </div>[0m
  [90m    |[0m [31m[1m^^^^^^^^^^^^^^^^^^^^[0m
[31m[1m>[0m [90m234 |[0m [32m              <div className="flex-1 bg-[#eef6f4] hover:bg-primary/20 transition-all roun...[0m
  [90m    |[0m [31m[1m^^^^^^^^^^^^^^^^^^^^^^^^^^^^^^^^^^^^^^^^^^^^^^^^^^^^^^^^^^^^^^^^^^^^^^^^^^^^^^^^^^^^^^^^^^^^[0m
[31m[1m>[0m [90m235 |[0m [32m                <span className="text-[10px] font-extrabold text-primary">FY23</span>[0m
  [90m    |[0m [31m[1m^^^^^^^^^^^^^^^^^^^^^^^^^^^^^^^^^^^^^^^^^^^^^^^^^^^^^^^^^^^^^^^^^^^^^^^^^^^^^^^^^^^^^[0m
[31m[1m>[0m [90m236 |[0m [32m              </div>[0m
  [90m    |[0m [31m[1m^^^^^^^^^^^^^^^^^^^^[0m
[31m[1m>[0m [90m237 |[0m [32m              <div className="flex-1 bg-primary hover:opacity-90 transition-all rounded-x...[0m
  [90m    |[0m [31m[1m^^^^^^^^^^^^^^^^^^^^^^^^^^^^^^^^^^^^^^^^^^^^^^^^^^^^^^^^^^^^^^^^^^^^^^^^^^^^^^^^^^^^^^^^^^^^[0m
[31m[1m>[0m [90m238 |[0m [32m                <span className="text-[10px] font-extrabold text-white">FY24</span>[0m
  [90m    |[0m [31m[1m^^^^^^^^^^^^^^^^^^^^^^^^^^^^^^^^^^^^^^^^^^^^^^^^^^^^^^^^^^^^^^^^^^^^^^^^^^^^^^^^^^^[0m
[31m[1m>[0m [90m239 |[0m [32m              </div>[0m
  [90m    |[0m [31m[1m^^^^^^^^^^^^^^^^^^^^[0m
[31m[1m>[0m [90m240 |[0m [32m            </div>[0m
  [90m    |[0m [31m[1m^^^^^^^^^^^^^^^^^^[0m
[31m[1m>[0m [90m241 |[0m [32m          </div>[0m
  [90m    |[0m [31m[1m^^^^^^^^^^^^^^^^[0m
[31m[1m>[0m [90m242 |[0m
  [90m    |[0m [31m[1m^[0m
[31m[1m>[0m [90m243 |[0m [32m          {/*  Satellite Analysis Visualization  */}[0m
  [90m    |[0m [31m[1m^^^^^^^^^^^^^^^^^^^^^^^^^^^^^^^^^^^^^^^^^^^^^^^^^^^^[0m
[31m[1m>[0m [90m244 |[0m [32m          <div className="col-span-12 lg:col-span-6 bg-white rounded-2xl p-8 border borde...[0m
  [90m    |[0m [31m[1m^^^^^^^^^^^^^^^^^^^^^^^^^^^^^^^^^^^^^^^^^^^^^^^^^^^^^^^^^^^^^^^^^^^^^^^^^^^^^^^^^^^^^^^^^^^^[0m
[31m[1m>[0m [90m245 |[0m [32m            <div className="flex items-center justify-between mb-8">[0m
  [90m    |[0m [31m[1m^^^^^^^^^^^^^^^^^^^^^^^^^^^^^^^^^^^^^^^^^^^^^^^^^^^^^^^^^^^^^^^^^^^^[0m
[31m[1m>[0m [90m246 |[0m [32m              <div>[0m
  [90m    |[0m [31m[1m^^^^^^^^^^^^^^^^^^^[0m
[31m[1m>[0m [90m247 |[0m [32m                <h3 className="font-headline-md text-xl font-bold text-on-surface">Biomas...[0m
  [90m    |[0m [31m[1m^^^^^^^^^^^^^^^^^^^^^^^^^^^^^^^^^^^^^^^^^^^^^^^^^^^^^^^^^^^^^^^^^^^^^^^^^^^^^^^^^^^^^^^^^^^^[0m
[31m[1m>[0m [90m248 |[0m [32m                <p className="text-sm font-medium text-on-surface-variant/70 mt-1">Live N...[0m
  [90m    |[0m [31m[1m^^^^^^^^^^^^^^^^^^^^^^^^^^^^^^^^^^^^^^^^^^^^^^^^^^^^^^^^^^^^^^^^^^^^^^^^^^^^^^^^^^^^^^^^^^^^[0m
[31m[1m>[0m [90m249 |[0m [32m              </div>[0m
  [90m    |[0m [31m[1m^^^^^^^^^^^^^^^^^^^^[0m
[31m[1m>[0m [90m250 |[0m [32m              <button className="w-10 h-10 rounded-xl bg-[#f8f9fa] border border-gray-100...[0m
  [90m    |[0m [31m[1m^^^^^^^^^^^^^^^^^^^^^^^^^^^^^^^^^^^^^^^^^^^^^^^^^^^^^^^^^^^^^^^^^^^^^^^^^^^^^^^^^^^^^^^^^^^^[0m
[31m[1m>[0m [90m251 |[0m [32m                <span className="material-symbols-outlined text-on-surface-variant text-x...[0m
  [90m    |[0m [31m[1m^^^^^^^^^^^^^^^^^^^^^^^^^^^^^^^^^^^^^^^^^^^^^^^^^^^^^^^^^^^^^^^^^^^^^^^^^^^^^^^^^^^^^^^^^^^^[0m
[31m[1m>[0m [90m252 |[0m [32m              </button>[0m
  [90m    |[0m [31m[1m^^^^^^^^^^^^^^^^^^^^^^^[0m
[31m[1m>[0m [90m253 |[0m [32m            </div>[0m
  [90m    |[0m [31m[1m^^^^^^^^^^^^^^^^^^[0m
[31m[1m>[0m [90m254 |[0m [32m            <div className="flex-1 min-h-[300px] w-full rounded-2xl overflow-hidden borde...[0m
  [90m    |[0m [31m[1m^^^^^^^^^^^^^^^^^^^^^^^^^^^^^^^^^^^^^^^^^^^^^^^^^^^^^^^^^^^^^^^^^^^^^^^^^^^^^^^^^^^^^^^^^^^^[0m
[31m[1m>[0m [90m255 |[0m [32m              <div className="w-full h-full bg-cover bg-center transition-transform durat...[0m
  [90m    |[0m [31m[1m^^^^^^^^^^^^^^^^^^^^^^^^^^^^^^^^^^^^^^^^^^^^^^^^^^^^^^^^^^^^^^^^^^^^^^^^^^^^^^^^^^^^^^^^^^^^[0m
[31m[1m>[0m [90m256 |[0m [32m              <div className="absolute inset-0 pointer-events-none bg-gradient-to-t from-...[0m
  [90m    |[0m [31m[1m^^^^^^^^^^^^^^^^^^^^^^^^^^^^^^^^^^^^^^^^^^^^^^^^^^^^^^^^^^^^^^^^^^^^^^^^^^^^^^^^^^^^^^^^^^^^[0m
[31m[1m>[0m [90m257 |[0m [32m              <div className="absolute bottom-6 left-6 p-4 bg-white/20 backdrop-blur roun...[0m
  [90m    |[0m [31m[1m^^^^^^^^^^^^^^^^^^^^^^^^^^^^^^^^^^^^^^^^^^^^^^^^^^^^^^^^^^^^^^^^^^^^^^^^^^^^^^^^^^^^^^^^^^^^[0m
[31m[1m>[0m [90m258 |[0m [32m                <div className="text-center">[0m
  [90m    |[0m [31m[1m^^^^^^^^^^^^^^^^^^^^^^^^^^^^^^^^^^^^^^^^^^^^^[0m
[31m[1m>[0m [90m259 |[0m [32m                  <p className="text-[10px] font-extrabold uppercase tracking-widest mb-1...[0m
  [90m    |[0m [31m[1m^^^^^^^^^^^^^^^^^^^^^^^^^^^^^^^^^^^^^^^^^^^^^^^^^^^^^^^^^^^^^^^^^^^^^^^^^^^^^^^^^^^^^^^^^^^^[0m
[31m[1m>[0m [90m260 |[0m [32m                  <p className="text-base font-data-mono font-bold text-white">0.82</p>[0m
  [90m    |[0m [31m[1m^^^^^^^^^^^^^^^^^^^^^^^^^^^^^^^^^^^^^^^^^^^^^^^^^^^^^^^^^^^^^^^^^^^^^^^^^^^^^^^^^^^^^^^[0m
[31m[1m>[0m [90m261 |[0m [32m                </div>[0m
  [90m    |[0m [31m[1m^^^^^^^^^^^^^^^^^^^^^^[0m
[31m[1m>[0m [90m262 |[0m [32m                <div className="w-px h-8 bg-white/20"></div>[0m
  [90m    |[0m [31m[1m^^^^^^^^^^^^^^^^^^^^^^^^^^^^^^^^^^^^^^^^^^^^^^^^^^^^^^^^^^^^[0m
[31m[1m>[0m [90m263 |[0m [32m                <div className="text-center">[0m
  [90m    |[0m [31m[1m^^^^^^^^^^^^^^^^^^^^^^^^^^^^^^^^^^^^^^^^^^^^^[0m
[31m[1m>[0m [90m264 |[0m [32m                  <p className="text-[10px] font-extrabold uppercase tracking-widest mb-1...[0m
  [90m    |[0m [31m[1m^^^^^^^^^^^^^^^^^^^^^^^^^^^^^^^^^^^^^^^^^^^^^^^^^^^^^^^^^^^^^^^^^^^^^^^^^^^^^^^^^^^^^^^^^^^^[0m
[31m[1m>[0m [90m265 |[0m [32m                  <p className="text-base font-bold text-white">High</p>[0m
  [90m    |[0m [31m[1m^^^^^^^^^^^^^^^^^^^^^^^^^^^^^^^^^^^^^^^^^^^^^^^^^^^^^^^^^^^^^^^^^^^^^^^^[0m
[31m[1m>[0m [90m266 |[0m [32m                </div>[0m
  [90m    |[0m [31m[1m^^^^^^^^^^^^^^^^^^^^^^[0m
[31m[1m>[0m [90m267 |[0m [32m              </div>[0m
  [90m    |[0m [31m[1m^^^^^^^^^^^^^^^^^^^^[0m
[31m[1m>[0m [90m268 |[0m [32m            </div>[0m
  [90m    |[0m [31m[1m^^^^^^^^^^^^^^^^^^[0m
[31m[1m>[0m [90m269 |[0m [32m          </div>[0m
  [90m    |[0m [31m[1m^^^^^^^^^^^^^^^^[0m
[31m[1m>[0m [90m270 |[0m
  [90m    |[0m [31m[1m^[0m
[31m[1m>[0m [90m271 |[0m [32m          {/*  Comparative Yield Matrix  */}[0m
  [90m    |[0m [31m[1m^^^^^^^^^^^^^^^^^^^^^^^^^^^^^^^^^^^^^^^^^^^^[0m
[31m[1m>[0m [90m272 |[0m [32m          <div className="col-span-12 bg-white rounded-2xl border border-gray-100 shadow-...[0m
  [90m    |[0m [31m[1m^^^^^^^^^^^^^^^^^^^^^^^^^^^^^^^^^^^^^^^^^^^^^^^^^^^^^^^^^^^^^^^^^^^^^^^^^^^^^^^^^^^^^^^^^^^^[0m
[31m[1m>[0m [90m273 |[0m [32m            <div className="px-8 py-6 border-b border-gray-50 flex items-center justify-b...[0m
  [90m    |[0m [31m[1m^^^^^^^^^^^^^^^^^^^^^^^^^^^^^^^^^^^^^^^^^^^^^^^^^^^^^^^^^^^^^^^^^^^^^^^^^^^^^^^^^^^^^^^^^^^^[0m
[31m[1m>[0m [90m274 |[0m [32m              <h3 className="font-headline-md text-xl font-bold text-on-surface">Comparat...[0m
  [90m    |[0m [31m[1m^^^^^^^^^^^^^^^^^^^^^^^^^^^^^^^^^^^^^^^^^^^^^^^^^^^^^^^^^^^^^^^^^^^^^^^^^^^^^^^^^^^^^^^^^^^^[0m
[31m[1m>[0m [90m275 |[0m [32m              <div className="flex gap-2">[0m
  [90m    |[0m [31m[1m^^^^^^^^^^^^^^^^^^^^^^^^^^^^^^^^^^^^^^^^^^[0m
[31m[1m>[0m [90m276 |[0m [32m                <button className="px-4 py-2 rounded-lg border border-gray-100 text-xs fo...[0m
  [90m    |[0m [31m[1m^^^^^^^^^^^^^^^^^^^^^^^^^^^^^^^^^^^^^^^^^^^^^^^^^^^^^^^^^^^^^^^^^^^^^^^^^^^^^^^^^^^^^^^^^^^^[0m
[31m[1m>[0m [90m277 |[0m [32m                <button className="px-4 py-2 rounded-lg border border-gray-100 text-xs fo...[0m
  [90m    |[0m [31m[1m^^^^^^^^^^^^^^^^^^^^^^^^^^^^^^^^^^^^^^^^^^^^^^^^^^^^^^^^^^^^^^^^^^^^^^^^^^^^^^^^^^^^^^^^^^^^[0m
[31m[1m>[0m [90m278 |[0m [32m              </div>[0m
  [90m    |[0m [31m[1m^^^^^^^^^^^^^^^^^^^^[0m
[31m[1m>[0m [90m279 |[0m [32m            </div>[0m
  [90m    |[0m [31m[1m^^^^^^^^^^^^^^^^^^[0m
[31m[1m>[0m [90m280 |[0m [32m            <div className="overflow-x-auto">[0m
  [90m    |[0m [31m[1m^^^^^^^^^^^^^^^^^^^^^^^^^^^^^^^^^^^^^^^^^^^^^[0m
[31m[1m>[0m [90m281 |[0m [32m              <table className="w-full text-left">[0m
  [90m    |[0m [31m[1m^^^^^^^^^^^^^^^^^^^^^^^^^^^^^^^^^^^^^^^^^^^^^^^^^^[0m
[31m[1m>[0m [90m282 |[0m [32m                <thead>[0m
  [90m    |[0m [31m[1m^^^^^^^^^^^^^^^^^^^^^^^[0m
[31m[1m>[0m [90m283 |[0m [32m                  <tr className="bg-[#f8f9fa] text-[11px] font-extrabold uppercase tracki...[0m
  [90m    |[0m [31m[1m^^^^^^^^^^^^^^^^^^^^^^^^^^^^^^^^^^^^^^^^^^^^^^^^^^^^^^^^^^^^^^^^^^^^^^^^^^^^^^^^^^^^^^^^^^^^[0m
[31m[1m>[0m [90m284 |[0m [32m                    <th className="px-8 py-5">Field ID</th>[0m
  [90m    |[0m [31m[1m^^^^^^^^^^^^^^^^^^^^^^^^^^^^^^^^^^^^^^^^^^^^^^^^^^^^^^^^^^^[0m
[31m[1m>[0m [90m285 |[0m [32m                    <th className="px-8 py-5">Crop Hybrid</th>[0m
  [90m    |[0m [31m[1m^^^^^^^^^^^^^^^^^^^^^^^^^^^^^^^^^^^^^^^^^^^^^^^^^^^^^^^^^^^^^^[0m
[31m[1m>[0m [90m286 |[0m [32m                    <th className="px-8 py-5">Est. Yield (mt)</th>[0m
  [90m    |[0m [31m[1m^^^^^^^^^^^^^^^^^^^^^^^^^^^^^^^^^^^^^^^^^^^^^^^^^^^^^^^^^^^^^^^^^^[0m
[31m[1m>[0m [90m287 |[0m [32m                    <th className="px-8 py-5">Actual (mt)</th>[0m
  [90m    |[0m [31m[1m^^^^^^^^^^^^^^^^^^^^^^^^^^^^^^^^^^^^^^^^^^^^^^^^^^^^^^^^^^^^^^[0m
[31m[1m>[0m [90m288 |[0m [32m                    <th className="px-8 py-5">Variance</th>[0m
  [90m    |[0m [31m[1m^^^^^^^^^^^^^^^^^^^^^^^^^^^^^^^^^^^^^^^^^^^^^^^^^^^^^^^^^^^[0m
[31m[1m>[0m [90m289 |[0m [32m                    <th className="px-8 py-5">Efficiency</th>[0m
  [90m    |[0m [31m[1m^^^^^^^^^^^^^^^^^^^^^^^^^^^^^^^^^^^^^^^^^^^^^^^^^^^^^^^^^^^^^[0m
[31m[1m>[0m [90m290 |[0m [32m                    <th className="px-8 py-5">Status</th>[0m
  [90m    |[0m [31m[1m^^^^^^^^^^^^^^^^^^^^^^^^^^^^^^^^^^^^^^^^^^^^^^^^^^^^^^^^^[0m
[31m[1m>[0m [90m291 |[0m [32m                  </tr>[0m
  [90m    |[0m [31m[1m^^^^^^^^^^^^^^^^^^^^^^^[0m
[31m[1m>[0m [90m292 |[0m [32m                </thead>[0m
  [90m    |[0m [31m[1m^^^^^^^^^^^^^^^^^^^^^^^^[0m
[31m[1m>[0m [90m293 |[0m [32m                <tbody className="divide-y divide-gray-50">[0m
  [90m    |[0m [31m[1m^^^^^^^^^^^^^^^^^^^^^^^^^^^^^^^^^^^^^^^^^^^^^^^^^^^^^^^^^^^[0m
[31m[1m>[0m [90m294 |[0m [32m                  {yieldData.map((row) => ([0m
  [90m    |[0m [31m[1m^^^^^^^^^^^^^^^^^^^^^^^^^^^^^^^^^^^^^^^^^^^[0m
[31m[1m>[0m [90m295 |[0m [32m                    <tr key={row.id} className="hover:bg-gray-50/50 transition-colors cur...[0m
  [90m    |[0m [31m[1m^^^^^^^^^^^^^^^^^^^^^^^^^^^^^^^^^^^^^^^^^^^^^^^^^^^^^^^^^^^^^^^^^^^^^^^^^^^^^^^^^^^^^^^^^^^^[0m
[31m[1m>[0m [90m296 |[0m [32m                      <td className="px-8 py-5 font-data-mono text-sm text-on-surface">{r...[0m
  [90m    |[0m [31m[1m^^^^^^^^^^^^^^^^^^^^^^^^^^^^^^^^^^^^^^^^^^^^^^^^^^^^^^^^^^^^^^^^^^^^^^^^^^^^^^^^^^^^^^^^^^^^[0m
[31m[1m>[0m [90m297 |[0m [32m                      <td className="px-8 py-5 text-sm font-bold text-on-surface">{row.cr...[0m
  [90m    |[0m [31m[1m^^^^^^^^^^^^^^^^^^^^^^^^^^^^^^^^^^^^^^^^^^^^^^^^^^^^^^^^^^^^^^^^^^^^^^^^^^^^^^^^^^^^^^^^^^^^[0m
[31m[1m>[0m [90m298 |[0m [32m                      <td className="px-8 py-5 text-sm text-on-surface-variant">{row.estY...[0m
  [90m    |[0m [31m[1m^^^^^^^^^^^^^^^^^^^^^^^^^^^^^^^^^^^^^^^^^^^^^^^^^^^^^^^^^^^^^^^^^^^^^^^^^^^^^^^^^^^^^^^^^^^^[0m
[31m[1m>[0m [90m299 |[0m [32m                      <td className="px-8 py-5 text-sm text-on-surface-variant font-bold"...[0m
  [90m    |[0m [31m[1m^^^^^^^^^^^^^^^^^^^^^^^^^^^^^^^^^^^^^^^^^^^^^^^^^^^^^^^^^^^^^^^^^^^^^^^^^^^^^^^^^^^^^^^^^^^^[0m
[31m[1m>[0m [90m300 |[0m [32m                      <td className={\`px-8 py-5 text-sm \${row.varianceClass} font-extra...[0m
  [90m    |[0m [31m[1m^^^^^^^^^^^^^^^^^^^^^^^^^^^^^^^^^^^^^^^^^^^^^^^^^^^^^^^^^^^^^^^^^^^^^^^^^^^^^^^^^^^^^^^^^^^^[0m
[31m[1m>[0m [90m301 |[0m [32m                      <td className="px-8 py-5">[0m
  [90m    |[0m [31m[1m^^^^^^^^^^^^^^^^^^^^^^^^^^^^^^^^^^^^^^^^^^^^^^^^[0m
[31m[1m>[0m [90m302 |[0m [32m                        <div className="w-32 h-2 bg-[#f1f3f5] rounded-full overflow-hidden">[0m
  [90m    |[0m [31m[1m^^^^^^^^^^^^^^^^^^^^^^^^^^^^^^^^^^^^^^^^^^^^^^^^^^^^^^^^^^^^^^^^^^^^^^^^^^^^^^^^^^^^^^^^^^^^[0m
[31m[1m>[0m [90m303 |[0m [32m                          <div className={\`\${row.efficiencyBarClass} h-full\`} style={{...[0m
  [90m    |[0m [31m[1m^^^^^^^^^^^^^^^^^^^^^^^^^^^^^^^^^^^^^^^^^^^^^^^^^^^^^^^^^^^^^^^^^^^^^^^^^^^^^^^^^^^^^^^^^^^^[0m
[31m[1m>[0m [90m304 |[0m [32m                        </div>[0m
  [90m    |[0m [31m[1m^^^^^^^^^^^^^^^^^^^^^^^^^^^^^^[0m
[31m[1m>[0m [90m305 |[0m [32m                      </td>[0m
  [90m    |[0m [31m[1m^^^^^^^^^^^^^^^^^^^^^^^^^^^[0m
[31m[1m>[0m [90m306 |[0m [32m                      <td className="px-8 py-5">[0m
  [90m    |[0m [31m[1m^^^^^^^^^^^^^^^^^^^^^^^^^^^^^^^^^^^^^^^^^^^^^^^^[0m
[31m[1m>[0m [90m307 |[0m [32m                        <span className={\`inline-flex items-center px-3 py-1 rounded-ful...[0m
  [90m    |[0m [31m[1m^^^^^^^^^^^^^^^^^^^^^^^^^^^^^^^^^^^^^^^^^^^^^^^^^^^^^^^^^^^^^^^^^^^^^^^^^^^^^^^^^^^^^^^^^^^^[0m
[31m[1m>[0m [90m308 |[0m [32m                          {row.status}[0m
  [90m    |[0m [31m[1m^^^^^^^^^^^^^^^^^^^^^^^^^^^^^^^^^^^^^^[0m
[31m[1m>[0m [90m309 |[0m [32m                        </span>[0m
  [90m    |[0m [31m[1m^^^^^^^^^^^^^^^^^^^^^^^^^^^^^^^[0m
[31m[1m>[0m [90m310 |[0m [32m                      </td>[0m
  [90m    |[0m [31m[1m^^^^^^^^^^^^^^^^^^^^^^^^^^^[0m
[31m[1m>[0m [90m311 |[0m [32m                    </tr>[0m
  [90m    |[0m [31m[1m^^^^^^^^^^^^^^^^^^^^^^^^^[0m
[31m[1m>[0m [90m312 |[0m [32m                  ))}[0m
  [90m    |[0m [31m[1m^^^^^^^^^^^^^^^^^^^^^[0m
[31m[1m>[0m [90m313 |[0m [32m                </tbody>[0m
  [90m    |[0m [31m[1m^^^^^^^^^^^^^^^^^^^^^^^^[0m
[31m[1m>[0m [90m314 |[0m [32m              </table>[0m
  [90m    |[0m [31m[1m^^^^^^^^^^^^^^^^^^^^^^[0m
[31m[1m>[0m [90m315 |[0m [32m            </div>[0m
  [90m    |[0m [31m[1m^^^^^^^^^^^^^^^^^^[0m
[31m[1m>[0m [90m316 |[0m [32m          </div>[0m
  [90m    |[0m [31m[1m^^^^^^^^^^^^^^^^[0m
[31m[1m>[0m [90m317 |[0m [32m        </div>[0m
  [90m    |[0m [31m[1m^^^^^^^^^^^^^^[0m
[31m[1m>[0m [90m318 |[0m [32m      </main>[0m
  [90m    |[0m [31m[1m^^^^^^^^^^^^^[0m
[31m[1m>[0m [90m319 |[0m
  [90m    |[0m [31m[1m^[0m
[31m[1m>[0m [90m320 |[0m [32m      {/*  Floating Insight Engine FAB  */}[0m
  [90m    |[0m [31m[1m^^^^^^^^^^^^^^^^^^^^^^^^^^^^^^^^^^^^^^^^^^^[0m
[31m[1m>[0m [90m321 |[0m [32m      <div className="fixed bottom-10 right-10 z-50 group">[0m
  [90m    |[0m [31m[1m^^^^^^^^^^^^^^^^^^^^^^^^^^^^^^^^^^^^^^^^^^^^^^^^^^^^^^^^^^^[0m
[31m[1m>[0m [90m322 |[0m [32m        <button className="bg-[#2d8a6e] text-white w-16 h-16 rounded-full shadow-2xl flex...[0m
  [90m    |[0m [31m[1m^^^^^^^^^^^^^^^^^^^^^^^^^^^^^^^^^^^^^^^^^^^^^^^^^^^^^^^^^^^^^^^^^^^^^^^^^^^^^^^^^^^^^^^^^^^^[0m
[31m[1m>[0m [90m323 |[0m [32m          <div className="absolute inset-0 bg-white/10 opacity-0 group-hover:opacity-100 ...[0m
  [90m    |[0m [31m[1m^^^^^^^^^^^^^^^^^^^^^^^^^^^^^^^^^^^^^^^^^^^^^^^^^^^^^^^^^^^^^^^^^^^^^^^^^^^^^^^^^^^^^^^^^^^^[0m
[31m[1m>[0m [90m324 |[0m [32m          <span className="material-symbols-outlined text-3xl">auto_awesome</span>[0m
  [90m    |[0m [31m[1m^^^^^^^^^^^^^^^^^^^^^^^^^^^^^^^^^^^^^^^^^^^^^^^^^^^^^^^^^^^^^^^^^^^^^^^^^^^^^^^^^^[0m
[31m[1m>[0m [90m325 |[0m [32m        </button>[0m
  [90m    |[0m [31m[1m^^^^^^^^^^^^^^^^^[0m
[31m[1m>[0m [90m326 |[0m [32m        <div className="absolute bottom-24 right-0 w-80 bg-white/90 backdrop-blur rounded...[0m
  [90m    |[0m [31m[1m^^^^^^^^^^^^^^^^^^^^^^^^^^^^^^^^^^^^^^^^^^^^^^^^^^^^^^^^^^^^^^^^^^^^^^^^^^^^^^^^^^^^^^^^^^^^[0m
[31m[1m>[0m [90m327 |[0m [32m          <h4 className="font-extrabold text-on-surface mb-3 flex items-center gap-2">[0m
  [90m    |[0m [31m[1m^^^^^^^^^^^^^^^^^^^^^^^^^^^^^^^^^^^^^^^^^^^^^^^^^^^^^^^^^^^^^^^^^^^^^^^^^^^^^^^^^^^^^^[0m
[31m[1m>[0m [90m328 |[0m [32m            <span className="material-symbols-outlined text-primary text-xl" style={{ fon...[0m
  [90m    |[0m [31m[1m^^^^^^^^^^^^^^^^^^^^^^^^^^^^^^^^^^^^^^^^^^^^^^^^^^^^^^^^^^^^^^^^^^^^^^^^^^^^^^^^^^^^^^^^^^^^[0m
[31m[1m>[0m [90m329 |[0m [32m            AI Insight Engine[0m
  [90m    |[0m [31m[1m^^^^^^^^^^^^^^^^^^^^^^^^^^^^^[0m
[31m[1m>[0m [90m330 |[0m [32m          </h4>[0m
  [90m    |[0m [31m[1m^^^^^^^^^^^^^^^[0m
[31m[1m>[0m [90m331 |[0m [32m          <p className="text-sm text-on-surface-variant/80 leading-relaxed mb-6">[0m
  [90m    |[0m [31m[1m^^^^^^^^^^^^^^^^^^^^^^^^^^^^^^^^^^^^^^^^^^^^^^^^^^^^^^^^^^^^^^^^^^^^^^^^^^^^^^^^^[0m
[31m[1m>[0m [90m332 |[0m [32m            Detected nitrogen deficiency patterns in Sector <span className="font-bold te...[0m
  [90m    |[0m [31m[1m^^^^^^^^^^^^^^^^^^^^^^^^^^^^^^^^^^^^^^^^^^^^^^^^^^^^^^^^^^^^^^^^^^^^^^^^^^^^^^^^^^^^^^^^^^^^[0m
[31m[1m>[0m [90m333 |[0m [32m          </p>[0m
  [90m    |[0m [31m[1m^^^^^^^^^^^^^^[0m
[31m[1m>[0m [90m334 |[0m [32m          <button className="w-full py-3 bg-[#2d8a6e] hover:bg-primary text-white rounded...[0m
  [90m    |[0m [31m[1m^^^^^^^^^^^^^^^^^^^^^^^^^^^^^^^^^^^^^^^^^^^^^^^^^^^^^^^^^^^^^^^^^^^^^^^^^^^^^^^^^^^^^^^^^^^^[0m
[31m[1m>[0m [90m335 |[0m [32m        </div>[0m
  [90m    |[0m [31m[1m^^^^^^^^^^^^^^[0m
[31m[1m>[0m [90m336 |[0m [32m      </div>[0m
  [90m    |[0m [31m[1m^^^^^^^^^^^^[0m
[31m[1m>[0m [90m337 |[0m [32m    </div>[0m
  [90m    |[0m [31m[1m^^^^^^^^^^[0m
[31m[1m>[0m [90m338 |[0m [32m  );[0m
  [90m    |[0m [31m[1m^^^^[0m
[31m[1m>[0m [90m339 |[0m [32m}[0m
  [90m    |[0m [31m[1m^[0m
[31m[1m>[0m [90m340 |[0m
  [90m    |[0m [31m[1m^[0m

Parsing ecmascript source code failed


./src/app/datasets/page.tsx:145:32
Unterminated template
  [90m143 |[0m           {datasets.map(dataset => (
  [90m144 |[0m             <div key={dataset.id} className=[32m"bg-white rounded-2xl shadow-sm border border...[0m
[31m[1m>[0m [90m145 |[0m               <div className={\[32m`h-36 relative \${dataset.typeBgClass}\`}>[0m
  [90m    |[0m                                [31m[1m^^^^^^^^^^^^^^^^^^^^^^^^^^^^^^^^^^^^^^^^^[0m
[31m[1m>[0m [90m146 |[0m [32m                <img className="w-full h-full object-cover opacity-60" src={dataset.image...[0m
  [90m    |[0m [31m[1m^^^^^^^^^^^^^^^^^^^^^^^^^^^^^^^^^^^^^^^^^^^^^^^^^^^^^^^^^^^^^^^^^^^^^^^^^^^^^^^^^^^^^^^^^^^^[0m
[31m[1m>[0m [90m147 |[0m [32m                <div className={\`absolute top-4 left-4 bg-white px-3 py-1.5 rounded-lg t...[0m
  [90m    |[0m [31m[1m^^^^^^^^^^^^^^^^^^^^^^^^^^^^^^^^^^^^^^^^^^^^^^^^^^^^^^^^^^^^^^^^^^^^^^^^^^^^^^^^^^^^^^^^^^^^[0m
[31m[1m>[0m [90m148 |[0m [32m                  <span className={\`w-2 h-2 rounded-full \${dataset.typeColorClass.repla...[0m
  [90m    |[0m [31m[1m^^^^^^^^^^^^^^^^^^^^^^^^^^^^^^^^^^^^^^^^^^^^^^^^^^^^^^^^^^^^^^^^^^^^^^^^^^^^^^^^^^^^^^^^^^^^[0m
[31m[1m>[0m [90m149 |[0m [32m                  {dataset.type}[0m
  [90m    |[0m [31m[1m^^^^^^^^^^^^^^^^^^^^^^^^^^^^^^^^[0m
[31m[1m>[0m [90m150 |[0m [32m                </div>[0m
  [90m    |[0m [31m[1m^^^^^^^^^^^^^^^^^^^^^^[0m
[31m[1m>[0m [90m151 |[0m [32m              </div>[0m
  [90m    |[0m [31m[1m^^^^^^^^^^^^^^^^^^^^[0m
[31m[1m>[0m [90m152 |[0m [32m              <div className="p-6 flex-1 flex flex-col">[0m
  [90m    |[0m [31m[1m^^^^^^^^^^^^^^^^^^^^^^^^^^^^^^^^^^^^^^^^^^^^^^^^^^^^^^^^[0m
[31m[1m>[0m [90m153 |[0m [32m                <h3 className="font-headline-md text-lg text-on-surface mb-2 font-bold le...[0m
  [90m    |[0m [31m[1m^^^^^^^^^^^^^^^^^^^^^^^^^^^^^^^^^^^^^^^^^^^^^^^^^^^^^^^^^^^^^^^^^^^^^^^^^^^^^^^^^^^^^^^^^^^^[0m
[31m[1m>[0m [90m154 |[0m [32m                <p className="text-sm text-on-surface-variant line-clamp-2 mb-6">{dataset...[0m
  [90m    |[0m [31m[1m^^^^^^^^^^^^^^^^^^^^^^^^^^^^^^^^^^^^^^^^^^^^^^^^^^^^^^^^^^^^^^^^^^^^^^^^^^^^^^^^^^^^^^^^^^^^[0m
[31m[1m>[0m [90m155 |[0m [32m                <div className="mt-auto space-y-4">[0m
  [90m    |[0m [31m[1m^^^^^^^^^^^^^^^^^^^^^^^^^^^^^^^^^^^^^^^^^^^^^^^^^^^[0m
[31m[1m>[0m [90m156 |[0m [32m                  <div className="flex items-center justify-between text-xs text-on-surfa...[0m
  [90m    |[0m [31m[1m^^^^^^^^^^^^^^^^^^^^^^^^^^^^^^^^^^^^^^^^^^^^^^^^^^^^^^^^^^^^^^^^^^^^^^^^^^^^^^^^^^^^^^^^^^^^[0m
[31m[1m>[0m [90m157 |[0m [32m                    <span className="flex items-center gap-1.5"><span className="material...[0m
  [90m    |[0m [31m[1m^^^^^^^^^^^^^^^^^^^^^^^^^^^^^^^^^^^^^^^^^^^^^^^^^^^^^^^^^^^^^^^^^^^^^^^^^^^^^^^^^^^^^^^^^^^^[0m
[31m[1m>[0m [90m158 |[0m [32m                    <span className="">{dataset.timeAgo}</span>[0m
  [90m    |[0m [31m[1m^^^^^^^^^^^^^^^^^^^^^^^^^^^^^^^^^^^^^^^^^^^^^^^^^^^^^^^^^^^^^^^[0m
[31m[1m>[0m [90m159 |[0m [32m                  </div>[0m
  [90m    |[0m [31m[1m^^^^^^^^^^^^^^^^^^^^^^^^[0m
[31m[1m>[0m [90m160 |[0m [32m                  <div className="w-full h-2 bg-surface-container-high rounded-full overf...[0m
  [90m    |[0m [31m[1m^^^^^^^^^^^^^^^^^^^^^^^^^^^^^^^^^^^^^^^^^^^^^^^^^^^^^^^^^^^^^^^^^^^^^^^^^^^^^^^^^^^^^^^^^^^^[0m
[31m[1m>[0m [90m161 |[0m [32m                    <div className={\`h-full bg-primary rounded-full\`} style={{ width: \...[0m
  [90m    |[0m [31m[1m^^^^^^^^^^^^^^^^^^^^^^^^^^^^^^^^^^^^^^^^^^^^^^^^^^^^^^^^^^^^^^^^^^^^^^^^^^^^^^^^^^^^^^^^^^^^[0m
[31m[1m>[0m [90m162 |[0m [32m                  </div>[0m
  [90m    |[0m [31m[1m^^^^^^^^^^^^^^^^^^^^^^^^[0m
[31m[1m>[0m [90m163 |[0m [32m                  <div className="flex items-center justify-between pt-2">[0m
  [90m    |[0m [31m[1m^^^^^^^^^^^^^^^^^^^^^^^^^^^^^^^^^^^^^^^^^^^^^^^^^^^^^^^^^^^^^^^^^^^^^^^^^^[0m
[31m[1m>[0m [90m164 |[0m [32m                    <div className="flex items-center gap-2">[0m
  [90m    |[0m [31m[1m^^^^^^^^^^^^^^^^^^^^^^^^^^^^^^^^^^^^^^^^^^^^^^^^^^^^^^^^^^^^^[0m
[31m[1m>[0m [90m165 |[0m [32m                      <span className="px-2.5 py-1 bg-primary/5 text-primary text-[10px] ...[0m
  [90m    |[0m [31m[1m^^^^^^^^^^^^^^^^^^^^^^^^^^^^^^^^^^^^^^^^^^^^^^^^^^^^^^^^^^^^^^^^^^^^^^^^^^^^^^^^^^^^^^^^^^^^[0m
[31m[1m>[0m [90m166 |[0m [32m                      <span className="px-2.5 py-1 bg-surface-container text-on-surface-v...[0m
  [90m    |[0m [31m[1m^^^^^^^^^^^^^^^^^^^^^^^^^^^^^^^^^^^^^^^^^^^^^^^^^^^^^^^^^^^^^^^^^^^^^^^^^^^^^^^^^^^^^^^^^^^^[0m
[31m[1m>[0m [90m167 |[0m [32m                    </div>[0m
  [90m    |[0m [31m[1m^^^^^^^^^^^^^^^^^^^^^^^^^^[0m
[31m[1m>[0m [90m168 |[0m [32m                    <button className="text-on-surface-variant hover:text-primary p-2 rou...[0m
  [90m    |[0m [31m[1m^^^^^^^^^^^^^^^^^^^^^^^^^^^^^^^^^^^^^^^^^^^^^^^^^^^^^^^^^^^^^^^^^^^^^^^^^^^^^^^^^^^^^^^^^^^^[0m
[31m[1m>[0m [90m169 |[0m [32m                      <span className="material-symbols-outlined text-xl">download</span>[0m
  [90m    |[0m [31m[1m^^^^^^^^^^^^^^^^^^^^^^^^^^^^^^^^^^^^^^^^^^^^^^^^^^^^^^^^^^^^^^^^^^^^^^^^^^^^^^^^^^^^^^^^^[0m
[31m[1m>[0m [90m170 |[0m [32m                    </button>[0m
  [90m    |[0m [31m[1m^^^^^^^^^^^^^^^^^^^^^^^^^^^^^[0m
[31m[1m>[0m [90m171 |[0m [32m                  </div>[0m
  [90m    |[0m [31m[1m^^^^^^^^^^^^^^^^^^^^^^^^[0m
[31m[1m>[0m [90m172 |[0m [32m                </div>[0m
  [90m    |[0m [31m[1m^^^^^^^^^^^^^^^^^^^^^^[0m
[31m[1m>[0m [90m173 |[0m [32m              </div>[0m
  [90m    |[0m [31m[1m^^^^^^^^^^^^^^^^^^^^[0m
[31m[1m>[0m [90m174 |[0m [32m            </div>[0m
  [90m    |[0m [31m[1m^^^^^^^^^^^^^^^^^^[0m
[31m[1m>[0m [90m175 |[0m [32m          ))}[0m
  [90m    |[0m [31m[1m^^^^^^^^^^^^^[0m
[31m[1m>[0m [90m176 |[0m
  [90m    |[0m [31m[1m^[0m
[31m[1m>[0m [90m177 |[0m [32m          {/*  Add New Source  */}[0m
  [90m    |[0m [31m[1m^^^^^^^^^^^^^^^^^^^^^^^^^^^^^^^^^^[0m
[31m[1m>[0m [90m178 |[0m [32m          <div className="bg-white rounded-2xl border-2 border-dashed border-outline-vari...[0m
  [90m    |[0m [31m[1m^^^^^^^^^^^^^^^^^^^^^^^^^^^^^^^^^^^^^^^^^^^^^^^^^^^^^^^^^^^^^^^^^^^^^^^^^^^^^^^^^^^^^^^^^^^^[0m
[31m[1m>[0m [90m179 |[0m [32m            <div className="w-20 h-20 rounded-full bg-surface-container flex items-center...[0m
  [90m    |[0m [31m[1m^^^^^^^^^^^^^^^^^^^^^^^^^^^^^^^^^^^^^^^^^^^^^^^^^^^^^^^^^^^^^^^^^^^^^^^^^^^^^^^^^^^^^^^^^^^^[0m
[31m[1m>[0m [90m180 |[0m [32m              <span className="material-symbols-outlined text-5xl">upload_file</span>[0m
  [90m    |[0m [31m[1m^^^^^^^^^^^^^^^^^^^^^^^^^^^^^^^^^^^^^^^^^^^^^^^^^^^^^^^^^^^^^^^^^^^^^^^^^^^^^^^^^^^^^[0m
[31m[1m>[0m [90m181 |[0m [32m            </div>[0m
  [90m    |[0m [31m[1m^^^^^^^^^^^^^^^^^^[0m
[31m[1m>[0m [90m182 |[0m [32m            <h3 className="font-headline-md text-xl text-on-surface font-bold">Add New So...[0m
  [90m    |[0m [31m[1m^^^^^^^^^^^^^^^^^^^^^^^^^^^^^^^^^^^^^^^^^^^^^^^^^^^^^^^^^^^^^^^^^^^^^^^^^^^^^^^^^^^^^^^^^^^^[0m
[31m[1m>[0m [90m183 |[0m [32m            <p className="text-sm text-on-surface-variant max-w-[220px] mt-3">Connect S3 ...[0m
  [90m    |[0m [31m[1m^^^^^^^^^^^^^^^^^^^^^^^^^^^^^^^^^^^^^^^^^^^^^^^^^^^^^^^^^^^^^^^^^^^^^^^^^^^^^^^^^^^^^^^^^^^^[0m
[31m[1m>[0m [90m184 |[0m [32m            <button className="mt-8 px-6 py-2.5 border border-outline text-on-surface fon...[0m
  [90m    |[0m [31m[1m^^^^^^^^^^^^^^^^^^^^^^^^^^^^^^^^^^^^^^^^^^^^^^^^^^^^^^^^^^^^^^^^^^^^^^^^^^^^^^^^^^^^^^^^^^^^[0m
[31m[1m>[0m [90m185 |[0m [32m              Get Started[0m
  [90m    |[0m [31m[1m^^^^^^^^^^^^^^^^^^^^^^^^^[0m
[31m[1m>[0m [90m186 |[0m [32m            </button>[0m
  [90m    |[0m [31m[1m^^^^^^^^^^^^^^^^^^^^^[0m
[31m[1m>[0m [90m187 |[0m [32m          </div>[0m
  [90m    |[0m [31m[1m^^^^^^^^^^^^^^^^[0m
[31m[1m>[0m [90m188 |[0m [32m        </div>[0m
  [90m    |[0m [31m[1m^^^^^^^^^^^^^^[0m
[31m[1m>[0m [90m189 |[0m
  [90m    |[0m [31m[1m^[0m
[31m[1m>[0m [90m190 |[0m [32m        {/*  Recent Activity Table  */}[0m
  [90m    |[0m [31m[1m^^^^^^^^^^^^^^^^^^^^^^^^^^^^^^^^^^^^^^^[0m
[31m[1m>[0m [90m191 |[0m [32m        <div className="mt-16">[0m
  [90m    |[0m [31m[1m^^^^^^^^^^^^^^^^^^^^^^^^^^^^^^^[0m
[31m[1m>[0m [90m192 |[0m [32m          <div className="flex items-center justify-between mb-8">[0m
  [90m    |[0m [31m[1m^^^^^^^^^^^^^^^^^^^^^^^^^^^^^^^^^^^^^^^^^^^^^^^^^^^^^^^^^^^^^^^^^^[0m
[31m[1m>[0m [90m193 |[0m [32m            <h3 className="font-headline-md text-2xl text-on-surface font-bold">Recent Im...[0m
  [90m    |[0m [31m[1m^^^^^^^^^^^^^^^^^^^^^^^^^^^^^^^^^^^^^^^^^^^^^^^^^^^^^^^^^^^^^^^^^^^^^^^^^^^^^^^^^^^^^^^^^^^^[0m
[31m[1m>[0m [90m194 |[0m [32m            <button className="text-primary font-bold text-sm hover:underline flex items-...[0m
  [90m    |[0m [31m[1m^^^^^^^^^^^^^^^^^^^^^^^^^^^^^^^^^^^^^^^^^^^^^^^^^^^^^^^^^^^^^^^^^^^^^^^^^^^^^^^^^^^^^^^^^^^^[0m
[31m[1m>[0m [90m195 |[0m [32m              View All Logs[0m
  [90m    |[0m [31m[1m^^^^^^^^^^^^^^^^^^^^^^^^^^^[0m
[31m[1m>[0m [90m196 |[0m [32m              <span className="material-symbols-outlined text-lg">chevron_right</span>[0m
  [90m    |[0m [31m[1m^^^^^^^^^^^^^^^^^^^^^^^^^^^^^^^^^^^^^^^^^^^^^^^^^^^^^^^^^^^^^^^^^^^^^^^^^^^^^^^^^^^^^^[0m
[31m[1m>[0m [90m197 |[0m [32m            </button>[0m
  [90m    |[0m [31m[1m^^^^^^^^^^^^^^^^^^^^^[0m
[31m[1m>[0m [90m198 |[0m [32m          </div>[0m
  [90m    |[0m [31m[1m^^^^^^^^^^^^^^^^[0m
[31m[1m>[0m [90m199 |[0m [32m          <div className="bg-white rounded-2xl shadow-sm border border-surface-container-...[0m
  [90m    |[0m [31m[1m^^^^^^^^^^^^^^^^^^^^^^^^^^^^^^^^^^^^^^^^^^^^^^^^^^^^^^^^^^^^^^^^^^^^^^^^^^^^^^^^^^^^^^^^^^^^[0m
[31m[1m>[0m [90m200 |[0m [32m            <table className="w-full text-left">[0m
  [90m    |[0m [31m[1m^^^^^^^^^^^^^^^^^^^^^^^^^^^^^^^^^^^^^^^^^^^^^^^^[0m
[31m[1m>[0m [90m201 |[0m [32m              <thead>[0m
  [90m    |[0m [31m[1m^^^^^^^^^^^^^^^^^^^^^[0m
[31m[1m>[0m [90m202 |[0m [32m                <tr className="bg-surface-container-low text-label-caps text-on-surface-v...[0m
  [90m    |[0m [31m[1m^^^^^^^^^^^^^^^^^^^^^^^^^^^^^^^^^^^^^^^^^^^^^^^^^^^^^^^^^^^^^^^^^^^^^^^^^^^^^^^^^^^^^^^^^^^^[0m
[31m[1m>[0m [90m203 |[0m [32m                  <th className="px-8 py-5 font-bold uppercase tracking-widest text-[11px...[0m
  [90m    |[0m [31m[1m^^^^^^^^^^^^^^^^^^^^^^^^^^^^^^^^^^^^^^^^^^^^^^^^^^^^^^^^^^^^^^^^^^^^^^^^^^^^^^^^^^^^^^^^^^^^[0m
[31m[1m>[0m [90m204 |[0m [32m                  <th className="px-8 py-5 font-bold uppercase tracking-widest text-[11px...[0m
  [90m    |[0m [31m[1m^^^^^^^^^^^^^^^^^^^^^^^^^^^^^^^^^^^^^^^^^^^^^^^^^^^^^^^^^^^^^^^^^^^^^^^^^^^^^^^^^^^^^^^^^^^^[0m
[31m[1m>[0m [90m205 |[0m [32m                  <th className="px-8 py-5 font-bold uppercase tracking-widest text-[11px...[0m
  [90m    |[0m [31m[1m^^^^^^^^^^^^^^^^^^^^^^^^^^^^^^^^^^^^^^^^^^^^^^^^^^^^^^^^^^^^^^^^^^^^^^^^^^^^^^^^^^^^^^^^^^^^[0m
[31m[1m>[0m [90m206 |[0m [32m                  <th className="px-8 py-5 font-bold uppercase tracking-widest text-[11px...[0m
  [90m    |[0m [31m[1m^^^^^^^^^^^^^^^^^^^^^^^^^^^^^^^^^^^^^^^^^^^^^^^^^^^^^^^^^^^^^^^^^^^^^^^^^^^^^^^^^^^^^^^^^^^^[0m
[31m[1m>[0m [90m207 |[0m [32m                  <th className="px-8 py-5 font-bold uppercase tracking-widest text-[11px...[0m
  [90m    |[0m [31m[1m^^^^^^^^^^^^^^^^^^^^^^^^^^^^^^^^^^^^^^^^^^^^^^^^^^^^^^^^^^^^^^^^^^^^^^^^^^^^^^^^^^^^^^^^^^^^[0m
[31m[1m>[0m [90m208 |[0m [32m                  <th className="px-8 py-5 font-bold uppercase tracking-widest text-[11px...[0m
  [90m    |[0m [31m[1m^^^^^^^^^^^^^^^^^^^^^^^^^^^^^^^^^^^^^^^^^^^^^^^^^^^^^^^^^^^^^^^^^^^^^^^^^^^^^^^^^^^^^^^^^^^^[0m
[31m[1m>[0m [90m209 |[0m [32m                </tr>[0m
  [90m    |[0m [31m[1m^^^^^^^^^^^^^^^^^^^^^[0m
[31m[1m>[0m [90m210 |[0m [32m              </thead>[0m
  [90m    |[0m [31m[1m^^^^^^^^^^^^^^^^^^^^^^[0m
[31m[1m>[0m [90m211 |[0m [32m              <tbody className="divide-y divide-outline-variant/20">[0m
  [90m    |[0m [31m[1m^^^^^^^^^^^^^^^^^^^^^^^^^^^^^^^^^^^^^^^^^^^^^^^^^^^^^^^^^^^^^^^^^^^^[0m
[31m[1m>[0m [90m212 |[0m [32m                {logs.map(log => ([0m
  [90m    |[0m [31m[1m^^^^^^^^^^^^^^^^^^^^^^^^^^^^^^^^^^[0m
[31m[1m>[0m [90m213 |[0m [32m                  <tr key={log.id} className="hover:bg-surface-container-low/50 transitio...[0m
  [90m    |[0m [31m[1m^^^^^^^^^^^^^^^^^^^^^^^^^^^^^^^^^^^^^^^^^^^^^^^^^^^^^^^^^^^^^^^^^^^^^^^^^^^^^^^^^^^^^^^^^^^^[0m
[31m[1m>[0m [90m214 |[0m [32m                    <td className="px-8 py-5 font-data-mono text-data-mono text-on-surfac...[0m
  [90m    |[0m [31m[1m^^^^^^^^^^^^^^^^^^^^^^^^^^^^^^^^^^^^^^^^^^^^^^^^^^^^^^^^^^^^^^^^^^^^^^^^^^^^^^^^^^^^^^^^^^^^[0m
[31m[1m>[0m [90m215 |[0m [32m                    <td className="px-8 py-5 font-body-md text-body-md text-on-surface fo...[0m
  [90m    |[0m [31m[1m^^^^^^^^^^^^^^^^^^^^^^^^^^^^^^^^^^^^^^^^^^^^^^^^^^^^^^^^^^^^^^^^^^^^^^^^^^^^^^^^^^^^^^^^^^^^[0m
[31m[1m>[0m [90m216 |[0m [32m                    <td className="px-8 py-5">[0m
  [90m    |[0m [31m[1m^^^^^^^^^^^^^^^^^^^^^^^^^^^^^^^^^^^^^^^^^^^^^^[0m
[31m[1m>[0m [90m217 |[0m [32m                      <div className="flex items-center gap-3">[0m
  [90m    |[0m [31m[1m^^^^^^^^^^^^^^^^^^^^^^^^^^^^^^^^^^^^^^^^^^^^^^^^^^^^^^^^^^^^^^^[0m
[31m[1m>[0m [90m218 |[0m [32m                        <div className={\`w-8 h-8 rounded-full \${log.userBgClass} \${log...[0m
  [90m    |[0m [31m[1m^^^^^^^^^^^^^^^^^^^^^^^^^^^^^^^^^^^^^^^^^^^^^^^^^^^^^^^^^^^^^^^^^^^^^^^^^^^^^^^^^^^^^^^^^^^^[0m
[31m[1m>[0m [90m219 |[0m [32m                        <span className="text-sm text-on-surface font-medium">{log.userNa...[0m
  [90m    |[0m [31m[1m^^^^^^^^^^^^^^^^^^^^^^^^^^^^^^^^^^^^^^^^^^^^^^^^^^^^^^^^^^^^^^^^^^^^^^^^^^^^^^^^^^^^^^^^^^^^[0m
[31m[1m>[0m [90m220 |[0m [32m                      </div>[0m
  [90m    |[0m [31m[1m^^^^^^^^^^^^^^^^^^^^^^^^^^^^[0m
[31m[1m>[0m [90m221 |[0m [32m                    </td>[0m
  [90m    |[0m [31m[1m^^^^^^^^^^^^^^^^^^^^^^^^^[0m
[31m[1m>[0m [90m222 |[0m [32m                    <td className="px-8 py-5">[0m
  [90m    |[0m [31m[1m^^^^^^^^^^^^^^^^^^^^^^^^^^^^^^^^^^^^^^^^^^^^^^[0m
[31m[1m>[0m [90m223 |[0m [32m                      <div className="flex items-center gap-4">[0m
  [90m    |[0m [31m[1m^^^^^^^^^^^^^^^^^^^^^^^^^^^^^^^^^^^^^^^^^^^^^^^^^^^^^^^^^^^^^^^[0m
[31m[1m>[0m [90m224 |[0m [32m                        <div className="flex-1 h-2 bg-surface-container-high rounded-full...[0m
  [90m    |[0m [31m[1m^^^^^^^^^^^^^^^^^^^^^^^^^^^^^^^^^^^^^^^^^^^^^^^^^^^^^^^^^^^^^^^^^^^^^^^^^^^^^^^^^^^^^^^^^^^^[0m
[31m[1m>[0m [90m225 |[0m [32m                          <div className={\`\${log.progressColorClass} h-full rounded-ful...[0m
  [90m    |[0m [31m[1m^^^^^^^^^^^^^^^^^^^^^^^^^^^^^^^^^^^^^^^^^^^^^^^^^^^^^^^^^^^^^^^^^^^^^^^^^^^^^^^^^^^^^^^^^^^^[0m
[31m[1m>[0m [90m226 |[0m [32m                        </div>[0m
  [90m    |[0m [31m[1m^^^^^^^^^^^^^^^^^^^^^^^^^^^^^^[0m
[31m[1m>[0m [90m227 |[0m [32m                        <span className="text-[11px] font-bold text-on-surface-variant">{...[0m
  [90m    |[0m [31m[1m^^^^^^^^^^^^^^^^^^^^^^^^^^^^^^^^^^^^^^^^^^^^^^^^^^^^^^^^^^^^^^^^^^^^^^^^^^^^^^^^^^^^^^^^^^^^[0m
[31m[1m>[0m [90m228 |[0m [32m                      </div>[0m
  [90m    |[0m [31m[1m^^^^^^^^^^^^^^^^^^^^^^^^^^^^[0m
[31m[1m>[0m [90m229 |[0m [32m                    </td>[0m
  [90m    |[0m [31m[1m^^^^^^^^^^^^^^^^^^^^^^^^^[0m
[31m[1m>[0m [90m230 |[0m [32m                    <td className="px-8 py-5">[0m
  [90m    |[0m [31m[1m^^^^^^^^^^^^^^^^^^^^^^^^^^^^^^^^^^^^^^^^^^^^^^[0m
[31m[1m>[0m [90m231 |[0m [32m                      <span className={\`px-4 py-1.5 text-[11px] font-bold rounded-full u...[0m
  [90m    |[0m [31m[1m^^^^^^^^^^^^^^^^^^^^^^^^^^^^^^^^^^^^^^^^^^^^^^^^^^^^^^^^^^^^^^^^^^^^^^^^^^^^^^^^^^^^^^^^^^^^[0m
[31m[1m>[0m [90m232 |[0m [32m                    </td>[0m
  [90m    |[0m [31m[1m^^^^^^^^^^^^^^^^^^^^^^^^^[0m
[31m[1m>[0m [90m233 |[0m [32m                    <td className="px-8 py-5 text-right">[0m
  [90m    |[0m [31m[1m^^^^^^^^^^^^^^^^^^^^^^^^^^^^^^^^^^^^^^^^^^^^^^^^^^^^^^^^^[0m
[31m[1m>[0m [90m234 |[0m [32m                      <button className="w-10 h-10 flex items-center justify-center round...[0m
  [90m    |[0m [31m[1m^^^^^^^^^^^^^^^^^^^^^^^^^^^^^^^^^^^^^^^^^^^^^^^^^^^^^^^^^^^^^^^^^^^^^^^^^^^^^^^^^^^^^^^^^^^^[0m
[31m[1m>[0m [90m235 |[0m [32m                        <span className="material-symbols-outlined text-on-surface-varian...[0m
  [90m    |[0m [31m[1m^^^^^^^^^^^^^^^^^^^^^^^^^^^^^^^^^^^^^^^^^^^^^^^^^^^^^^^^^^^^^^^^^^^^^^^^^^^^^^^^^^^^^^^^^^^^[0m
[31m[1m>[0m [90m236 |[0m [32m                      </button>[0m
  [90m    |[0m [31m[1m^^^^^^^^^^^^^^^^^^^^^^^^^^^^^^^[0m
[31m[1m>[0m [90m237 |[0m [32m                    </td>[0m
  [90m    |[0m [31m[1m^^^^^^^^^^^^^^^^^^^^^^^^^[0m
[31m[1m>[0m [90m238 |[0m [32m                  </tr>[0m
  [90m    |[0m [31m[1m^^^^^^^^^^^^^^^^^^^^^^^[0m
[31m[1m>[0m [90m239 |[0m [32m                ))}[0m
  [90m    |[0m [31m[1m^^^^^^^^^^^^^^^^^^^[0m
[31m[1m>[0m [90m240 |[0m [32m              </tbody>[0m
  [90m    |[0m [31m[1m^^^^^^^^^^^^^^^^^^^^^^[0m
[31m[1m>[0m [90m241 |[0m [32m            </table>[0m
  [90m    |[0m [31m[1m^^^^^^^^^^^^^^^^^^^^[0m
[31m[1m>[0m [90m242 |[0m [32m          </div>[0m
  [90m    |[0m [31m[1m^^^^^^^^^^^^^^^^[0m
[31m[1m>[0m [90m243 |[0m [32m        </div>[0m
  [90m    |[0m [31m[1m^^^^^^^^^^^^^^[0m
[31m[1m>[0m [90m244 |[0m [32m      </main>[0m
  [90m    |[0m [31m[1m^^^^^^^^^^^^^[0m
[31m[1m>[0m [90m245 |[0m [32m    </div>[0m
  [90m    |[0m [31m[1m^^^^^^^^^^[0m
[31m[1m>[0m [90m246 |[0m [32m  );[0m
  [90m    |[0m [31m[1m^^^^[0m
[31m[1m>[0m [90m247 |[0m [32m}[0m
  [90m    |[0m [31m[1m^[0m
[31m[1m>[0m [90m248 |[0m
  [90m    |[0m [31m[1m^[0m

Parsing ecmascript source code failed


./src/app/settings/page.tsx:162:48
Unterminated template
  [90m160 |[0m                           <td className=[32m"py-5"[0m>
  [90m161 |[0m                             <div className=[32m"flex items-center gap-4"[0m>
[31m[1m>[0m [90m162 |[0m                               <div className={\[32m`w-10 h-10 rounded-full \${member.initials...[0m
  [90m    |[0m                                                [31m[1m^^^^^^^^^^^^^^^^^^^^^^^^^^^^^^^^^^^^^^^^^^^^^[0m
[31m[1m>[0m [90m163 |[0m [32m                              <div>[0m
  [90m    |[0m [31m[1m^^^^^^^^^^^^^^^^^^^^^^^^^^^^^^^^^^^[0m
[31m[1m>[0m [90m164 |[0m [32m                                <p className="font-bold text-on-surface">{member.name}</p>[0m
  [90m    |[0m [31m[1m^^^^^^^^^^^^^^^^^^^^^^^^^^^^^^^^^^^^^^^^^^^^^^^^^^^^^^^^^^^^^^^^^^^^^^^^^^^^^^^^^^^^^^^^^^[0m
[31m[1m>[0m [90m165 |[0m [32m                                <p className="text-xs text-on-surface-variant">{member.em...[0m
  [90m    |[0m [31m[1m^^^^^^^^^^^^^^^^^^^^^^^^^^^^^^^^^^^^^^^^^^^^^^^^^^^^^^^^^^^^^^^^^^^^^^^^^^^^^^^^^^^^^^^^^^^^[0m
[31m[1m>[0m [90m166 |[0m [32m                              </div>[0m
  [90m    |[0m [31m[1m^^^^^^^^^^^^^^^^^^^^^^^^^^^^^^^^^^^^[0m
[31m[1m>[0m [90m167 |[0m [32m                            </div>[0m
  [90m    |[0m [31m[1m^^^^^^^^^^^^^^^^^^^^^^^^^^^^^^^^^^[0m
[31m[1m>[0m [90m168 |[0m [32m                          </td>[0m
  [90m    |[0m [31m[1m^^^^^^^^^^^^^^^^^^^^^^^^^^^^^^^[0m
[31m[1m>[0m [90m169 |[0m [32m                          <td className="py-5">[0m
  [90m    |[0m [31m[1m^^^^^^^^^^^^^^^^^^^^^^^^^^^^^^^^^^^^^^^^^^^^^^^[0m
[31m[1m>[0m [90m170 |[0m [32m                            <span className="text-xs px-3 py-1 bg-surface-container-high ...[0m
  [90m    |[0m [31m[1m^^^^^^^^^^^^^^^^^^^^^^^^^^^^^^^^^^^^^^^^^^^^^^^^^^^^^^^^^^^^^^^^^^^^^^^^^^^^^^^^^^^^^^^^^^^^[0m
[31m[1m>[0m [90m171 |[0m [32m                          </td>[0m
  [90m    |[0m [31m[1m^^^^^^^^^^^^^^^^^^^^^^^^^^^^^^^[0m
[31m[1m>[0m [90m172 |[0m [32m                          <td className="py-5 text-center">[0m
  [90m    |[0m [31m[1m^^^^^^^^^^^^^^^^^^^^^^^^^^^^^^^^^^^^^^^^^^^^^^^^^^^^^^^^^^^[0m
[31m[1m>[0m [90m173 |[0m [32m                            <span className="inline-flex items-center gap-1.5 text-[11px]...[0m
  [90m    |[0m [31m[1m^^^^^^^^^^^^^^^^^^^^^^^^^^^^^^^^^^^^^^^^^^^^^^^^^^^^^^^^^^^^^^^^^^^^^^^^^^^^^^^^^^^^^^^^^^^^[0m
[31m[1m>[0m [90m174 |[0m [32m                              <span className="w-1.5 h-1.5 rounded-full bg-primary"></spa...[0m
  [90m    |[0m [31m[1m^^^^^^^^^^^^^^^^^^^^^^^^^^^^^^^^^^^^^^^^^^^^^^^^^^^^^^^^^^^^^^^^^^^^^^^^^^^^^^^^^^^^^^^^^^^^[0m
[31m[1m>[0m [90m175 |[0m [32m                            </span>[0m
  [90m    |[0m [31m[1m^^^^^^^^^^^^^^^^^^^^^^^^^^^^^^^^^^^[0m
[31m[1m>[0m [90m176 |[0m [32m                          </td>[0m
  [90m    |[0m [31m[1m^^^^^^^^^^^^^^^^^^^^^^^^^^^^^^^[0m
[31m[1m>[0m [90m177 |[0m [32m                          <td className="py-5 text-right">[0m
  [90m    |[0m [31m[1m^^^^^^^^^^^^^^^^^^^^^^^^^^^^^^^^^^^^^^^^^^^^^^^^^^^^^^^^^^[0m
[31m[1m>[0m [90m178 |[0m [32m                            <button className="text-on-surface-variant hover:text-on-surf...[0m
  [90m    |[0m [31m[1m^^^^^^^^^^^^^^^^^^^^^^^^^^^^^^^^^^^^^^^^^^^^^^^^^^^^^^^^^^^^^^^^^^^^^^^^^^^^^^^^^^^^^^^^^^^^[0m
[31m[1m>[0m [90m179 |[0m [32m                          </td>[0m
  [90m    |[0m [31m[1m^^^^^^^^^^^^^^^^^^^^^^^^^^^^^^^[0m
[31m[1m>[0m [90m180 |[0m [32m                        </tr>[0m
  [90m    |[0m [31m[1m^^^^^^^^^^^^^^^^^^^^^^^^^^^^^[0m
[31m[1m>[0m [90m181 |[0m [32m                      ))}[0m
  [90m    |[0m [31m[1m^^^^^^^^^^^^^^^^^^^^^^^^^[0m
[31m[1m>[0m [90m182 |[0m [32m                    </tbody>[0m
  [90m    |[0m [31m[1m^^^^^^^^^^^^^^^^^^^^^^^^^^^^[0m
[31m[1m>[0m [90m183 |[0m [32m                  </table>[0m
  [90m    |[0m [31m[1m^^^^^^^^^^^^^^^^^^^^^^^^^^[0m
[31m[1m>[0m [90m184 |[0m [32m                </div>[0m
  [90m    |[0m [31m[1m^^^^^^^^^^^^^^^^^^^^^^[0m
[31m[1m>[0m [90m185 |[0m [32m              </section>[0m
  [90m    |[0m [31m[1m^^^^^^^^^^^^^^^^^^^^^^^^[0m
[31m[1m>[0m [90m186 |[0m
  [90m    |[0m [31m[1m^[0m
[31m[1m>[0m [90m187 |[0m [32m              {/*  Notification & Preferences  */}[0m
  [90m    |[0m [31m[1m^^^^^^^^^^^^^^^^^^^^^^^^^^^^^^^^^^^^^^^^^^^^^^^^^^[0m
[31m[1m>[0m [90m188 |[0m [32m              <section className="bg-white rounded-2xl p-8 border border-outline-variant/...[0m
  [90m    |[0m [31m[1m^^^^^^^^^^^^^^^^^^^^^^^^^^^^^^^^^^^^^^^^^^^^^^^^^^^^^^^^^^^^^^^^^^^^^^^^^^^^^^^^^^^^^^^^^^^^[0m
[31m[1m>[0m [90m189 |[0m [32m                <div className="flex items-center gap-4 mb-8">[0m
  [90m    |[0m [31m[1m^^^^^^^^^^^^^^^^^^^^^^^^^^^^^^^^^^^^^^^^^^^^^^^^^^^^^^^^^^^^^^[0m
[31m[1m>[0m [90m190 |[0m [32m                  <div className="w-10 h-10 bg-primary/10 rounded-lg flex items-center ju...[0m
  [90m    |[0m [31m[1m^^^^^^^^^^^^^^^^^^^^^^^^^^^^^^^^^^^^^^^^^^^^^^^^^^^^^^^^^^^^^^^^^^^^^^^^^^^^^^^^^^^^^^^^^^^^[0m
[31m[1m>[0m [90m191 |[0m [32m                    <span className="material-symbols-outlined text-primary">notification...[0m
  [90m    |[0m [31m[1m^^^^^^^^^^^^^^^^^^^^^^^^^^^^^^^^^^^^^^^^^^^^^^^^^^^^^^^^^^^^^^^^^^^^^^^^^^^^^^^^^^^^^^^^^^^^[0m
[31m[1m>[0m [90m192 |[0m [32m                  </div>[0m
  [90m    |[0m [31m[1m^^^^^^^^^^^^^^^^^^^^^^^^[0m
[31m[1m>[0m [90m193 |[0m [32m                  <h3 className="font-headline-md text-headline-md">System Preferences</h3>[0m
  [90m    |[0m [31m[1m^^^^^^^^^^^^^^^^^^^^^^^^^^^^^^^^^^^^^^^^^^^^^^^^^^^^^^^^^^^^^^^^^^^^^^^^^^^^^^^^^^^^^^^^^^^[0m
[31m[1m>[0m [90m194 |[0m [32m                </div>[0m
  [90m    |[0m [31m[1m^^^^^^^^^^^^^^^^^^^^^^[0m
[31m[1m>[0m [90m195 |[0m [32m                <div className="space-y-2">[0m
  [90m    |[0m [31m[1m^^^^^^^^^^^^^^^^^^^^^^^^^^^^^^^^^^^^^^^^^^^[0m
[31m[1m>[0m [90m196 |[0m [32m                  <div className="flex items-center justify-between py-6 border-b border-...[0m
  [90m    |[0m [31m[1m^^^^^^^^^^^^^^^^^^^^^^^^^^^^^^^^^^^^^^^^^^^^^^^^^^^^^^^^^^^^^^^^^^^^^^^^^^^^^^^^^^^^^^^^^^^^[0m
[31m[1m>[0m [90m197 |[0m [32m                    <div>[0m
  [90m    |[0m [31m[1m^^^^^^^^^^^^^^^^^^^^^^^^^[0m
[31m[1m>[0m [90m198 |[0m [32m                      <p className="font-bold text-on-surface text-body-lg">Anomalous Dat...[0m
  [90m    |[0m [31m[1m^^^^^^^^^^^^^^^^^^^^^^^^^^^^^^^^^^^^^^^^^^^^^^^^^^^^^^^^^^^^^^^^^^^^^^^^^^^^^^^^^^^^^^^^^^^^[0m
[31m[1m>[0m [90m199 |[0m [32m                      <p className="text-sm text-on-surface-variant">Receive instant push...[0m
  [90m    |[0m [31m[1m^^^^^^^^^^^^^^^^^^^^^^^^^^^^^^^^^^^^^^^^^^^^^^^^^^^^^^^^^^^^^^^^^^^^^^^^^^^^^^^^^^^^^^^^^^^^[0m
[31m[1m>[0m [90m200 |[0m [32m                    </div>[0m
  [90m    |[0m [31m[1m^^^^^^^^^^^^^^^^^^^^^^^^^^[0m
[31m[1m>[0m [90m201 |[0m [32m                    <div className="relative inline-block w-11 align-middle select-none">[0m
  [90m    |[0m [31m[1m^^^^^^^^^^^^^^^^^^^^^^^^^^^^^^^^^^^^^^^^^^^^^^^^^^^^^^^^^^^^^^^^^^^^^^^^^^^^^^^^^^^^^^^^^[0m
[31m[1m>[0m [90m202 |[0m [32m                      <input defaultChecked className="toggle-checkbox absolute block w-0...[0m
  [90m    |[0m [31m[1m^^^^^^^^^^^^^^^^^^^^^^^^^^^^^^^^^^^^^^^^^^^^^^^^^^^^^^^^^^^^^^^^^^^^^^^^^^^^^^^^^^^^^^^^^^^^[0m
[31m[1m>[0m [90m203 |[0m [32m                      <label className="toggle-label block overflow-hidden h-6 rounded-fu...[0m
  [90m    |[0m [31m[1m^^^^^^^^^^^^^^^^^^^^^^^^^^^^^^^^^^^^^^^^^^^^^^^^^^^^^^^^^^^^^^^^^^^^^^^^^^^^^^^^^^^^^^^^^^^^[0m
[31m[1m>[0m [90m204 |[0m [32m                    </div>[0m
  [90m    |[0m [31m[1m^^^^^^^^^^^^^^^^^^^^^^^^^^[0m
[31m[1m>[0m [90m205 |[0m [32m                  </div>[0m
  [90m    |[0m [31m[1m^^^^^^^^^^^^^^^^^^^^^^^^[0m
[31m[1m>[0m [90m206 |[0m [32m                  <div className="flex items-center justify-between py-6">[0m
  [90m    |[0m [31m[1m^^^^^^^^^^^^^^^^^^^^^^^^^^^^^^^^^^^^^^^^^^^^^^^^^^^^^^^^^^^^^^^^^^^^^^^^^^[0m
[31m[1m>[0m [90m207 |[0m [32m                    <div>[0m
  [90m    |[0m [31m[1m^^^^^^^^^^^^^^^^^^^^^^^^^[0m
[31m[1m>[0m [90m208 |[0m [32m                      <p className="font-bold text-on-surface text-body-lg">Weekly GIS In...[0m
  [90m    |[0m [31m[1m^^^^^^^^^^^^^^^^^^^^^^^^^^^^^^^^^^^^^^^^^^^^^^^^^^^^^^^^^^^^^^^^^^^^^^^^^^^^^^^^^^^^^^^^^^^^[0m
[31m[1m>[0m [90m209 |[0m [32m                      <p className="text-sm text-on-surface-variant">Get a consolidated P...[0m
  [90m    |[0m [31m[1m^^^^^^^^^^^^^^^^^^^^^^^^^^^^^^^^^^^^^^^^^^^^^^^^^^^^^^^^^^^^^^^^^^^^^^^^^^^^^^^^^^^^^^^^^^^^[0m
[31m[1m>[0m [90m210 |[0m [32m                    </div>[0m
  [90m    |[0m [31m[1m^^^^^^^^^^^^^^^^^^^^^^^^^^[0m
[31m[1m>[0m [90m211 |[0m [32m                    <div className="relative inline-block w-11 align-middle select-none">[0m
  [90m    |[0m [31m[1m^^^^^^^^^^^^^^^^^^^^^^^^^^^^^^^^^^^^^^^^^^^^^^^^^^^^^^^^^^^^^^^^^^^^^^^^^^^^^^^^^^^^^^^^^[0m
[31m[1m>[0m [90m212 |[0m [32m                      <input defaultChecked className="toggle-checkbox absolute block w-0...[0m
  [90m    |[0m [31m[1m^^^^^^^^^^^^^^^^^^^^^^^^^^^^^^^^^^^^^^^^^^^^^^^^^^^^^^^^^^^^^^^^^^^^^^^^^^^^^^^^^^^^^^^^^^^^[0m
[31m[1m>[0m [90m213 |[0m [32m                      <label className="toggle-label block overflow-hidden h-6 rounded-fu...[0m
  [90m    |[0m [31m[1m^^^^^^^^^^^^^^^^^^^^^^^^^^^^^^^^^^^^^^^^^^^^^^^^^^^^^^^^^^^^^^^^^^^^^^^^^^^^^^^^^^^^^^^^^^^^[0m
[31m[1m>[0m [90m214 |[0m [32m                    </div>[0m
  [90m    |[0m [31m[1m^^^^^^^^^^^^^^^^^^^^^^^^^^[0m
[31m[1m>[0m [90m215 |[0m [32m                  </div>[0m
  [90m    |[0m [31m[1m^^^^^^^^^^^^^^^^^^^^^^^^[0m
[31m[1m>[0m [90m216 |[0m [32m                </div>[0m
  [90m    |[0m [31m[1m^^^^^^^^^^^^^^^^^^^^^^[0m
[31m[1m>[0m [90m217 |[0m [32m              </section>[0m
  [90m    |[0m [31m[1m^^^^^^^^^^^^^^^^^^^^^^^^[0m
[31m[1m>[0m [90m218 |[0m
  [90m    |[0m [31m[1m^[0m
[31m[1m>[0m [90m219 |[0m [32m              {/*  Billing & Usage  */}[0m
  [90m    |[0m [31m[1m^^^^^^^^^^^^^^^^^^^^^^^^^^^^^^^^^^^^^^^[0m
[31m[1m>[0m [90m220 |[0m [32m              <section className="bg-white rounded-2xl p-8 border border-outline-variant/...[0m
  [90m    |[0m [31m[1m^^^^^^^^^^^^^^^^^^^^^^^^^^^^^^^^^^^^^^^^^^^^^^^^^^^^^^^^^^^^^^^^^^^^^^^^^^^^^^^^^^^^^^^^^^^^[0m
[31m[1m>[0m [90m221 |[0m [32m                <div className="flex items-center gap-4 mb-8">[0m
  [90m    |[0m [31m[1m^^^^^^^^^^^^^^^^^^^^^^^^^^^^^^^^^^^^^^^^^^^^^^^^^^^^^^^^^^^^^^[0m
[31m[1m>[0m [90m222 |[0m [32m                  <div className="w-10 h-10 bg-primary/10 rounded-lg flex items-center ju...[0m
  [90m    |[0m [31m[1m^^^^^^^^^^^^^^^^^^^^^^^^^^^^^^^^^^^^^^^^^^^^^^^^^^^^^^^^^^^^^^^^^^^^^^^^^^^^^^^^^^^^^^^^^^^^[0m
[31m[1m>[0m [90m223 |[0m [32m                    <span className="material-symbols-outlined text-primary">payments</span>[0m
  [90m    |[0m [31m[1m^^^^^^^^^^^^^^^^^^^^^^^^^^^^^^^^^^^^^^^^^^^^^^^^^^^^^^^^^^^^^^^^^^^^^^^^^^^^^^^^^^^^^^^^^^^^[0m
[31m[1m>[0m [90m224 |[0m [32m                  </div>[0m
  [90m    |[0m [31m[1m^^^^^^^^^^^^^^^^^^^^^^^^[0m
[31m[1m>[0m [90m225 |[0m [32m                  <h3 className="font-headline-md text-headline-md">Billing &amp; Plan</h3>[0m
  [90m    |[0m [31m[1m^^^^^^^^^^^^^^^^^^^^^^^^^^^^^^^^^^^^^^^^^^^^^^^^^^^^^^^^^^^^^^^^^^^^^^^^^^^^^^^^^^^^^^^^^^^[0m
[31m[1m>[0m [90m226 |[0m [32m                </div>[0m
  [90m    |[0m [31m[1m^^^^^^^^^^^^^^^^^^^^^^[0m
[31m[1m>[0m [90m227 |[0m [32m                <div className="grid grid-cols-1 md:grid-cols-3 gap-6 mb-10">[0m
  [90m    |[0m [31m[1m^^^^^^^^^^^^^^^^^^^^^^^^^^^^^^^^^^^^^^^^^^^^^^^^^^^^^^^^^^^^^^^^^^^^^^^^^^^^^[0m
[31m[1m>[0m [90m228 |[0m [32m                  <div className="p-6 bg-surface-container-low/50 rounded-2xl border bord...[0m
  [90m    |[0m [31m[1m^^^^^^^^^^^^^^^^^^^^^^^^^^^^^^^^^^^^^^^^^^^^^^^^^^^^^^^^^^^^^^^^^^^^^^^^^^^^^^^^^^^^^^^^^^^^[0m
[31m[1m>[0m [90m229 |[0m [32m                    <p className="text-[11px] font-label-caps text-on-surface-variant upp...[0m
  [90m    |[0m [31m[1m^^^^^^^^^^^^^^^^^^^^^^^^^^^^^^^^^^^^^^^^^^^^^^^^^^^^^^^^^^^^^^^^^^^^^^^^^^^^^^^^^^^^^^^^^^^^[0m
[31m[1m>[0m [90m230 |[0m [32m                    <p className="font-bold text-[24px] text-primary">Enterprise Pro</p>[0m
  [90m    |[0m [31m[1m^^^^^^^^^^^^^^^^^^^^^^^^^^^^^^^^^^^^^^^^^^^^^^^^^^^^^^^^^^^^^^^^^^^^^^^^^^^^^^^^^^^^^^^^[0m
[31m[1m>[0m [90m231 |[0m [32m                    <p className="text-xs text-on-surface-variant mt-2">Next renewal: Oct...[0m
  [90m    |[0m [31m[1m^^^^^^^^^^^^^^^^^^^^^^^^^^^^^^^^^^^^^^^^^^^^^^^^^^^^^^^^^^^^^^^^^^^^^^^^^^^^^^^^^^^^^^^^^^^^[0m
[31m[1m>[0m [90m232 |[0m [32m                  </div>[0m
  [90m    |[0m [31m[1m^^^^^^^^^^^^^^^^^^^^^^^^[0m
[31m[1m>[0m [90m233 |[0m [32m                  <div className="p-6 bg-surface-container-low/50 rounded-2xl border bord...[0m
  [90m    |[0m [31m[1m^^^^^^^^^^^^^^^^^^^^^^^^^^^^^^^^^^^^^^^^^^^^^^^^^^^^^^^^^^^^^^^^^^^^^^^^^^^^^^^^^^^^^^^^^^^^[0m
[31m[1m>[0m [90m234 |[0m [32m                    <p className="text-[11px] font-label-caps text-on-surface-variant upp...[0m
  [90m    |[0m [31m[1m^^^^^^^^^^^^^^^^^^^^^^^^^^^^^^^^^^^^^^^^^^^^^^^^^^^^^^^^^^^^^^^^^^^^^^^^^^^^^^^^^^^^^^^^^^^^[0m
[31m[1m>[0m [90m235 |[0m [32m                    <div className="flex items-baseline gap-2">[0m
  [90m    |[0m [31m[1m^^^^^^^^^^^^^^^^^^^^^^^^^^^^^^^^^^^^^^^^^^^^^^^^^^^^^^^^^^^^^^^[0m
[31m[1m>[0m [90m236 |[0m [32m                      <p className="font-bold text-[24px] text-on-surface">1.2 TB</p>[0m
  [90m    |[0m [31m[1m^^^^^^^^^^^^^^^^^^^^^^^^^^^^^^^^^^^^^^^^^^^^^^^^^^^^^^^^^^^^^^^^^^^^^^^^^^^^^^^^^^^^^[0m
[31m[1m>[0m [90m237 |[0m [32m                      <p className="text-sm text-on-surface-variant">/ 5 TB</p>[0m
  [90m    |[0m [31m[1m^^^^^^^^^^^^^^^^^^^^^^^^^^^^^^^^^^^^^^^^^^^^^^^^^^^^^^^^^^^^^^^^^^^^^^^^^^^^^^^[0m
[31m[1m>[0m [90m238 |[0m [32m                    </div>[0m
  [90m    |[0m [31m[1m^^^^^^^^^^^^^^^^^^^^^^^^^^[0m
[31m[1m>[0m [90m239 |[0m [32m                    <div className="w-full bg-surface-container-high h-2.5 rounded-full m...[0m
  [90m    |[0m [31m[1m^^^^^^^^^^^^^^^^^^^^^^^^^^^^^^^^^^^^^^^^^^^^^^^^^^^^^^^^^^^^^^^^^^^^^^^^^^^^^^^^^^^^^^^^^^^^[0m
[31m[1m>[0m [90m240 |[0m [32m                      <div className="bg-primary h-full rounded-full" style={{ width: \`2...[0m
  [90m    |[0m [31m[1m^^^^^^^^^^^^^^^^^^^^^^^^^^^^^^^^^^^^^^^^^^^^^^^^^^^^^^^^^^^^^^^^^^^^^^^^^^^^^^^^^^^^^^^^^^^^[0m
[31m[1m>[0m [90m241 |[0m [32m                    </div>[0m
  [90m    |[0m [31m[1m^^^^^^^^^^^^^^^^^^^^^^^^^^[0m
[31m[1m>[0m [90m242 |[0m [32m                  </div>[0m
  [90m    |[0m [31m[1m^^^^^^^^^^^^^^^^^^^^^^^^[0m
[31m[1m>[0m [90m243 |[0m [32m                  <div className="p-6 bg-surface-container-low/50 rounded-2xl border bord...[0m
  [90m    |[0m [31m[1m^^^^^^^^^^^^^^^^^^^^^^^^^^^^^^^^^^^^^^^^^^^^^^^^^^^^^^^^^^^^^^^^^^^^^^^^^^^^^^^^^^^^^^^^^^^^[0m
[31m[1m>[0m [90m244 |[0m [32m                    <p className="text-[11px] font-label-caps text-on-surface-variant upp...[0m
  [90m    |[0m [31m[1m^^^^^^^^^^^^^^^^^^^^^^^^^^^^^^^^^^^^^^^^^^^^^^^^^^^^^^^^^^^^^^^^^^^^^^^^^^^^^^^^^^^^^^^^^^^^[0m
[31m[1m>[0m [90m245 |[0m [32m                    <p className="font-bold text-[24px] text-on-surface">14 / 20</p>[0m
  [90m    |[0m [31m[1m^^^^^^^^^^^^^^^^^^^^^^^^^^^^^^^^^^^^^^^^^^^^^^^^^^^^^^^^^^^^^^^^^^^^^^^^^^^^^^^^^^^^[0m
[31m[1m>[0m [90m246 |[0m [32m                    <p className="text-xs text-on-surface-variant mt-2">Managed via Secur...[0m
  [90m    |[0m [31m[1m^^^^^^^^^^^^^^^^^^^^^^^^^^^^^^^^^^^^^^^^^^^^^^^^^^^^^^^^^^^^^^^^^^^^^^^^^^^^^^^^^^^^^^^^^^^^[0m
[31m[1m>[0m [90m247 |[0m [32m                  </div>[0m
  [90m    |[0m [31m[1m^^^^^^^^^^^^^^^^^^^^^^^^[0m
[31m[1m>[0m [90m248 |[0m [32m                </div>[0m
  [90m    |[0m [31m[1m^^^^^^^^^^^^^^^^^^^^^^[0m
[31m[1m>[0m [90m249 |[0m [32m                <div className="space-y-6">[0m
  [90m    |[0m [31m[1m^^^^^^^^^^^^^^^^^^^^^^^^^^^^^^^^^^^^^^^^^^^[0m
[31m[1m>[0m [90m250 |[0m [32m                  <div className="flex items-center justify-between">[0m
  [90m    |[0m [31m[1m^^^^^^^^^^^^^^^^^^^^^^^^^^^^^^^^^^^^^^^^^^^^^^^^^^^^^^^^^^^^^^^^^^^^^[0m
[31m[1m>[0m [90m251 |[0m [32m                    <h4 className="font-bold text-body-lg">Recent Transactions</h4>[0m
  [90m    |[0m [31m[1m^^^^^^^^^^^^^^^^^^^^^^^^^^^^^^^^^^^^^^^^^^^^^^^^^^^^^^^^^^^^^^^^^^^^^^^^^^^^^^^^^^^[0m
[31m[1m>[0m [90m252 |[0m [32m                    <button className="text-primary text-sm font-bold hover:underline">Vi...[0m
  [90m    |[0m [31m[1m^^^^^^^^^^^^^^^^^^^^^^^^^^^^^^^^^^^^^^^^^^^^^^^^^^^^^^^^^^^^^^^^^^^^^^^^^^^^^^^^^^^^^^^^^^^^[0m
[31m[1m>[0m [90m253 |[0m [32m                  </div>[0m
  [90m    |[0m [31m[1m^^^^^^^^^^^^^^^^^^^^^^^^[0m
[31m[1m>[0m [90m254 |[0m [32m                  <div className="space-y-4">[0m
  [90m    |[0m [31m[1m^^^^^^^^^^^^^^^^^^^^^^^^^^^^^^^^^^^^^^^^^^^^^[0m
[31m[1m>[0m [90m255 |[0m [32m                    {transactions.map(tx => ([0m
  [90m    |[0m [31m[1m^^^^^^^^^^^^^^^^^^^^^^^^^^^^^^^^^^^^^^^^^^^^^[0m
[31m[1m>[0m [90m256 |[0m [32m                      <div key={tx.id} className="flex items-center justify-between p-5 b...[0m
  [90m    |[0m [31m[1m^^^^^^^^^^^^^^^^^^^^^^^^^^^^^^^^^^^^^^^^^^^^^^^^^^^^^^^^^^^^^^^^^^^^^^^^^^^^^^^^^^^^^^^^^^^^[0m
[31m[1m>[0m [90m257 |[0m [32m                        <div className="flex items-center gap-5">[0m
  [90m    |[0m [31m[1m^^^^^^^^^^^^^^^^^^^^^^^^^^^^^^^^^^^^^^^^^^^^^^^^^^^^^^^^^^^^^^^^^[0m
[31m[1m>[0m [90m258 |[0m [32m                          <div className="w-12 h-12 bg-white rounded-xl flex items-center...[0m
  [90m    |[0m [31m[1m^^^^^^^^^^^^^^^^^^^^^^^^^^^^^^^^^^^^^^^^^^^^^^^^^^^^^^^^^^^^^^^^^^^^^^^^^^^^^^^^^^^^^^^^^^^^[0m
[31m[1m>[0m [90m259 |[0m [32m                            <span className="material-symbols-outlined text-on-surface-va...[0m
  [90m    |[0m [31m[1m^^^^^^^^^^^^^^^^^^^^^^^^^^^^^^^^^^^^^^^^^^^^^^^^^^^^^^^^^^^^^^^^^^^^^^^^^^^^^^^^^^^^^^^^^^^^[0m
[31m[1m>[0m [90m260 |[0m [32m                          </div>[0m
  [90m    |[0m [31m[1m^^^^^^^^^^^^^^^^^^^^^^^^^^^^^^^^[0m
[31m[1m>[0m [90m261 |[0m [32m                          <div>[0m
  [90m    |[0m [31m[1m^^^^^^^^^^^^^^^^^^^^^^^^^^^^^^^[0m
[31m[1m>[0m [90m262 |[0m [32m                            <p className="font-bold text-on-surface">{tx.desc}</p>[0m
  [90m    |[0m [31m[1m^^^^^^^^^^^^^^^^^^^^^^^^^^^^^^^^^^^^^^^^^^^^^^^^^^^^^^^^^^^^^^^^^^^^^^^^^^^^^^^^^^[0m
[31m[1m>[0m [90m263 |[0m [32m                            <p className="text-xs text-on-surface-variant">{tx.details}</p>[0m
  [90m    |[0m [31m[1m^^^^^^^^^^^^^^^^^^^^^^^^^^^^^^^^^^^^^^^^^^^^^^^^^^^^^^^^^^^^^^^^^^^^^^^^^^^^^^^^^^^^^^^^^^^[0m
[31m[1m>[0m [90m264 |[0m [32m                          </div>[0m
  [90m    |[0m [31m[1m^^^^^^^^^^^^^^^^^^^^^^^^^^^^^^^^[0m
[31m[1m>[0m [90m265 |[0m [32m                        </div>[0m
  [90m    |[0m [31m[1m^^^^^^^^^^^^^^^^^^^^^^^^^^^^^^[0m
[31m[1m>[0m [90m266 |[0m [32m                        <div className="text-right">[0m
  [90m    |[0m [31m[1m^^^^^^^^^^^^^^^^^^^^^^^^^^^^^^^^^^^^^^^^^^^^^^^^^^^^[0m
[31m[1m>[0m [90m267 |[0m [32m                          <p className="font-bold text-on-surface text-lg">{tx.amount}</p>[0m
  [90m    |[0m [31m[1m^^^^^^^^^^^^^^^^^^^^^^^^^^^^^^^^^^^^^^^^^^^^^^^^^^^^^^^^^^^^^^^^^^^^^^^^^^^^^^^^^^^^^^^^^^[0m
[31m[1m>[0m [90m268 |[0m [32m                          <button className="text-primary text-[11px] font-bold uppercase...[0m
  [90m    |[0m [31m[1m^^^^^^^^^^^^^^^^^^^^^^^^^^^^^^^^^^^^^^^^^^^^^^^^^^^^^^^^^^^^^^^^^^^^^^^^^^^^^^^^^^^^^^^^^^^^[0m
[31m[1m>[0m [90m269 |[0m [32m                        </div>[0m
  [90m    |[0m [31m[1m^^^^^^^^^^^^^^^^^^^^^^^^^^^^^^[0m
[31m[1m>[0m [90m270 |[0m [32m                      </div>[0m
  [90m    |[0m [31m[1m^^^^^^^^^^^^^^^^^^^^^^^^^^^^[0m
[31m[1m>[0m [90m271 |[0m [32m                    ))}[0m
  [90m    |[0m [31m[1m^^^^^^^^^^^^^^^^^^^^^^^[0m
[31m[1m>[0m [90m272 |[0m [32m                  </div>[0m
  [90m    |[0m [31m[1m^^^^^^^^^^^^^^^^^^^^^^^^[0m
[31m[1m>[0m [90m273 |[0m [32m                </div>[0m
  [90m    |[0m [31m[1m^^^^^^^^^^^^^^^^^^^^^^[0m
[31m[1m>[0m [90m274 |[0m [32m              </section>[0m
  [90m    |[0m [31m[1m^^^^^^^^^^^^^^^^^^^^^^^^[0m
[31m[1m>[0m [90m275 |[0m [32m            </div>[0m
  [90m    |[0m [31m[1m^^^^^^^^^^^^^^^^^^[0m
[31m[1m>[0m [90m276 |[0m [32m          </div>[0m
  [90m    |[0m [31m[1m^^^^^^^^^^^^^^^^[0m
[31m[1m>[0m [90m277 |[0m [32m        </div>[0m
  [90m    |[0m [31m[1m^^^^^^^^^^^^^^[0m
[31m[1m>[0m [90m278 |[0m [32m      </main>[0m
  [90m    |[0m [31m[1m^^^^^^^^^^^^^[0m
[31m[1m>[0m [90m279 |[0m
  [90m    |[0m [31m[1m^[0m
[31m[1m>[0m [90m280 |[0m [32m      {/*  Footer  */}[0m
  [90m    |[0m [31m[1m^^^^^^^^^^^^^^^^^^^^^^[0m
[31m[1m>[0m [90m281 |[0m [32m      <footer className="ml-[260px] p-10 border-t border-outline-variant/30 bg-white">[0m
  [90m    |[0m [31m[1m^^^^^^^^^^^^^^^^^^^^^^^^^^^^^^^^^^^^^^^^^^^^^^^^^^^^^^^^^^^^^^^^^^^^^^^^^^^^^^^^^^^^^^[0m
[31m[1m>[0m [90m282 |[0m [32m        <div className="max-w-[1400px] mx-auto flex flex-col md:flex-row justify-between ...[0m
  [90m    |[0m [31m[1m^^^^^^^^^^^^^^^^^^^^^^^^^^^^^^^^^^^^^^^^^^^^^^^^^^^^^^^^^^^^^^^^^^^^^^^^^^^^^^^^^^^^^^^^^^^^[0m
[31m[1m>[0m [90m283 |[0m [32m          <div className="flex items-center gap-3">[0m
  [90m    |[0m [31m[1m^^^^^^^^^^^^^^^^^^^^^^^^^^^^^^^^^^^^^^^^^^^^^^^^^^^[0m
[31m[1m>[0m [90m284 |[0m [32m            <span className="material-symbols-outlined text-primary/50" style={{ fontVari...[0m
  [90m    |[0m [31m[1m^^^^^^^^^^^^^^^^^^^^^^^^^^^^^^^^^^^^^^^^^^^^^^^^^^^^^^^^^^^^^^^^^^^^^^^^^^^^^^^^^^^^^^^^^^^^[0m
[31m[1m>[0m [90m285 |[0m [32m            <p className="font-label-caps text-on-surface-variant uppercase text-[10px] t...[0m
  [90m    |[0m [31m[1m^^^^^^^^^^^^^^^^^^^^^^^^^^^^^^^^^^^^^^^^^^^^^^^^^^^^^^^^^^^^^^^^^^^^^^^^^^^^^^^^^^^^^^^^^^^^[0m
[31m[1m>[0m [90m286 |[0m [32m          </div>[0m
  [90m    |[0m [31m[1m^^^^^^^^^^^^^^^^[0m
[31m[1m>[0m [90m287 |[0m [32m          <div className="flex gap-10 text-[10px] font-label-caps text-on-surface-variant...[0m
  [90m    |[0m [31m[1m^^^^^^^^^^^^^^^^^^^^^^^^^^^^^^^^^^^^^^^^^^^^^^^^^^^^^^^^^^^^^^^^^^^^^^^^^^^^^^^^^^^^^^^^^^^^[0m
[31m[1m>[0m [90m288 |[0m [32m            <a className="hover:text-primary transition-colors" href="#">Privacy Policy</a>[0m
  [90m    |[0m [31m[1m^^^^^^^^^^^^^^^^^^^^^^^^^^^^^^^^^^^^^^^^^^^^^^^^^^^^^^^^^^^^^^^^^^^^^^^^^^^^^^^^^^^^^^^^^^^[0m
[31m[1m>[0m [90m289 |[0m [32m            <a className="hover:text-primary transition-colors" href="#">Terms of Service...[0m
  [90m    |[0m [31m[1m^^^^^^^^^^^^^^^^^^^^^^^^^^^^^^^^^^^^^^^^^^^^^^^^^^^^^^^^^^^^^^^^^^^^^^^^^^^^^^^^^^^^^^^^^^^^[0m
[31m[1m>[0m [90m290 |[0m [32m            <a className="hover:text-primary transition-colors" href="#">API Support</a>[0m
  [90m    |[0m [31m[1m^^^^^^^^^^^^^^^^^^^^^^^^^^^^^^^^^^^^^^^^^^^^^^^^^^^^^^^^^^^^^^^^^^^^^^^^^^^^^^^^^^^^^^^^[0m
[31m[1m>[0m [90m291 |[0m [32m          </div>[0m
  [90m    |[0m [31m[1m^^^^^^^^^^^^^^^^[0m
[31m[1m>[0m [90m292 |[0m [32m        </div>[0m
  [90m    |[0m [31m[1m^^^^^^^^^^^^^^[0m
[31m[1m>[0m [90m293 |[0m [32m      </footer>[0m
  [90m    |[0m [31m[1m^^^^^^^^^^^^^^^[0m
[31m[1m>[0m [90m294 |[0m [32m    </div>[0m
  [90m    |[0m [31m[1m^^^^^^^^^^[0m
[31m[1m>[0m [90m295 |[0m [32m  );[0m
  [90m    |[0m [31m[1m^^^^[0m
[31m[1m>[0m [90m296 |[0m [32m}[0m
  [90m    |[0m [31m[1m^[0m
[31m[1m>[0m [90m297 |[0m
  [90m    |[0m [31m[1m^[0m

Parsing ecmascript source code failed


    at <unknown> (./src/app/analysis-studio/page.tsx:429:1)
    at <unknown> (./src/app/data-sources/page.tsx:256:1)
    at <unknown> (./src/app/gis-map/page.tsx:234:1)
    at <unknown> (./src/app/reports/page.tsx:36:237)
    at <unknown> (./src/app/analytics/page.tsx:197:39)
    at <unknown> (./src/app/datasets/page.tsx:145:32)
    at <unknown> (./src/app/settings/page.tsx:162:48)
